<html>
<body>
<pre>
<h1>礦ision Build Log</h1>
<h2>Tool Versions:</h2>
IDE-Version: μVision V5.28.0.0
Copyright (C) 2019 ARM Ltd and ARM Germany GmbH. All rights reserved.
License Information: dd Administrator, dd, LIC=9WSKC-753XF-DY9V3-A9LQH-QX6RI-HQU5W
 
Tool Versions:
Toolchain:       MDK-ARM Plus  Version: 5.28.0.0
Toolchain Path:  C:\Keil_v5\ARM\ARMCC\Bin
C Compiler:      Armcc.exe V5.06 update 6 (build 750)
Assembler:       Armasm.exe V5.06 update 6 (build 750)
Linker/Locator:  ArmLink.exe V5.06 update 6 (build 750)
Library Manager: ArmAr.exe V5.06 update 6 (build 750)
Hex Converter:   FromElf.exe V5.06 update 6 (build 750)
CPU DLL:         SARMCM3.DLL V5.28.0.0
Dialog DLL:      DCM.DLL V1.17.3.0
Target DLL:      Segger\JL2CM3.dll V2.99.36.0
Dialog DLL:      TCM.DLL V1.36.2.0
 
<h2>Project:</h2>
D:\YQ\STM32\STM32阶段项目\AI智能摄像赛车-已完成\开发源码\项目源码\AI智能摄像赛车\Template.uvprojx
Project File Date:  05/10/2026

<h2>Output:</h2>
*** Using Compiler 'V5.06 update 6 (build 750)', folder: 'C:\Keil_v5\ARM\ARMCC\Bin'
Rebuild target 'Target 1'
compiling list.c...
compiling tasks.c...
compiling ALL_Hardware_init.c...
.\MYCODE\Hardware\sr04.h(13): warning:  #1-D: last line of file ends without a newline
  #endif
.\MYCODE\Work_function\Random_seed.h(14): warning:  #1-D: last line of file ends without a newline
  #endif
MYCODE\ALL_Hardware_init.c: 2 warnings, 0 errors
compiling sr04.c...
.\MYCODE\Hardware\sr04.h(13): warning:  #1-D: last line of file ends without a newline
  #endif
.\MYCODE\Work_function\Random_seed.h(14): warning:  #1-D: last line of file ends without a newline
  #endif
MYCODE\Hardware\sr04.h(13): warning:  #1-D: last line of file ends without a newline
  #endif
MYCODE\Hardware\sr04.c: 3 warnings, 0 errors
compiling servo.c...
.\MYCODE\Hardware\sr04.h(13): warning:  #1-D: last line of file ends without a newline
  #endif
.\MYCODE\Work_function\Random_seed.h(14): warning:  #1-D: last line of file ends without a newline
  #endif
MYCODE\Hardware\servo.c: 2 warnings, 0 errors
compiling led.c...
MYCODE\Hardware\led.c(68): warning:  #1-D: last line of file ends without a newline
  }
MYCODE\Hardware\led.c: 1 warning, 0 errors
compiling timers.c...
compiling queue.c...
compiling IRQ.c...
.\MYCODE\Hardware\sr04.h(13): warning:  #1-D: last line of file ends without a newline
  #endif
.\MYCODE\Work_function\Random_seed.h(14): warning:  #1-D: last line of file ends without a newline
  #endif
MYCODE\IRQ.c: 2 warnings, 0 errors
compiling motor.c...
.\MYCODE\Hardware\sr04.h(13): warning:  #1-D: last line of file ends without a newline
  #endif
.\MYCODE\Work_function\Random_seed.h(14): warning:  #1-D: last line of file ends without a newline
  #endif
MYCODE\Hardware\motor.c: 2 warnings, 0 errors
compiling auto_mode.c...
.\MYCODE\Hardware\sr04.h(13): warning:  #1-D: last line of file ends without a newline
  #endif
.\MYCODE\Work_function\Random_seed.h(14): warning:  #1-D: last line of file ends without a newline
  #endif
MYCODE\Work_function\auto_mode.c: 2 warnings, 0 errors
compiling i2c_ee.c...
compiling hand_control.c...
.\MYCODE\Hardware\sr04.h(13): warning:  #1-D: last line of file ends without a newline
  #endif
.\MYCODE\Work_function\Random_seed.h(14): warning:  #1-D: last line of file ends without a newline
  #endif
MYCODE\Work_function\hand_control.c: 2 warnings, 0 errors
compiling OLED_I2C.c...
.\MYCODE\Hardware\sr04.h(13): warning:  #1-D: last line of file ends without a newline
  #endif
.\MYCODE\Work_function\Random_seed.h(14): warning:  #1-D: last line of file ends without a newline
  #endif
MYCODE\Hardware\sr04.h(13): warning:  #1-D: last line of file ends without a newline
  #endif
MYCODE\Hardware\OLED_I2C.c: 3 warnings, 0 errors
compiling control_car.c...
.\MYCODE\Hardware\sr04.h(13): warning:  #1-D: last line of file ends without a newline
  #endif
.\MYCODE\Work_function\Random_seed.h(14): warning:  #1-D: last line of file ends without a newline
  #endif
MYCODE\Work_function\control_car.c: 2 warnings, 0 errors
compiling Creat_task.c...
.\MYCODE\Hardware\sr04.h(13): warning:  #1-D: last line of file ends without a newline
  #endif
.\MYCODE\Work_function\Random_seed.h(14): warning:  #1-D: last line of file ends without a newline
  #endif
MYCODE\Creat_task.c: 2 warnings, 0 errors
compiling SR04_get_dis.c...
.\MYCODE\Hardware\sr04.h(13): warning:  #1-D: last line of file ends without a newline
  #endif
.\MYCODE\Work_function\Random_seed.h(14): warning:  #1-D: last line of file ends without a newline
  #endif
.\MYCODE\Hardware\sr04.h(13): warning:  #1-D: last line of file ends without a newline
  #endif
MYCODE\Work_function\SR04_get_dis.c: 3 warnings, 0 errors
compiling misc.c...
compiling stm32f4xx_gpio.c...
compiling stm32f4xx_i2c.c...
compiling stm32f4xx_exti.c...
compiling stm32f4xx_iwdg.c...
compiling stm32f4xx_dma.c...
compiling Random_seed.c...
.\MYCODE\Hardware\sr04.h(13): warning:  #1-D: last line of file ends without a newline
  #endif
.\MYCODE\Work_function\Random_seed.h(14): warning:  #1-D: last line of file ends without a newline
  #endif
MYCODE\Work_function\Random_seed.h(14): warning:  #1-D: last line of file ends without a newline
  #endif
MYCODE\Work_function\Random_seed.c: 3 warnings, 0 errors
compiling stm32f4xx_rcc.c...
compiling stm32f4xx_rng.c...
compiling stm32f4xx_syscfg.c...
compiling system_stm32f4xx.c...
compiling stm32f4xx_usart.c...
compiling stm32f4xx_tim.c...
compiling stm32f4xx_rtc.c...
compiling event_groups.c...
compiling croutine.c...
compiling heap_4.c...
assembling startup_stm32f40_41xxx.s...
compiling port.c...
compiling main.c...
.\MYCODE\Hardware\sr04.h(13): warning:  #1-D: last line of file ends without a newline
  #endif
.\MYCODE\Work_function\Random_seed.h(14): warning:  #1-D: last line of file ends without a newline
  #endif
MYCODE\main.c: 2 warnings, 0 errors
compiling usart.c...
.\MYCODE\Hardware\sr04.h(13): warning:  #1-D: last line of file ends without a newline
  #endif
.\MYCODE\Work_function\Random_seed.h(14): warning:  #1-D: last line of file ends without a newline
  #endif
MYCODE\Hardware\usart.c(46): warning:  #940-D: missing return statement at end of non-void function "_sys_exit" 
  } 
MYCODE\Hardware\usart.c: 3 warnings, 0 errors
linking...
Program Size: Code=18578 RO-data=2514 RW-data=1292 ZI-data=81844  
".\Objects\Template.axf" - 0 Error(s), 34 Warning(s).

<h2>Software Packages used:</h2>

Package Vendor: ARM
                http://www.keil.com/pack/ARM.CMSIS.5.5.1.pack
                ARM.CMSIS.5.5.1
                CMSIS (Cortex Microcontroller Software Interface Standard)
   * Component: CORE Version: 5.2.0

Package Vendor: Keil
                http://www.keil.com/pack/Keil.STM32F4xx_DFP.1.0.8.pack
                Keil.STM32F4xx_DFP.1.0.8
                STMicroelectronics STM32F4 Series Device Support, Drivers and Examples
   * Component: Startup Version: 1.3.1
   * Component: DMA Version: 1.3.0
   * Component: EXTI Version: 1.3.0
   * Component: Framework Version: 1.3.1
   * Component: GPIO Version: 1.3.0
   * Component: I2C Version: 1.3.0
   * Component: IWDG Version: 1.3.0
   * Component: RCC Version: 1.3.0
   * Component: RNG Version: 1.3.0
   * Component: RTC Version: 1.3.0
   * Component: SYSCFG Version: 1.3.0
   * Component: TIM Version: 1.3.0
   * Component: USART Version: 1.3.0

<h2>Collection of Component include folders:</h2>
  .\RTE\Device\STM32F407ZE
  .\RTE\_Target_1
  C:\Keil_v5\ARM\PACK\ARM\CMSIS\5.5.1\CMSIS\Core\Include
  C:\Keil_v5\ARM\PACK\Keil\STM32F4xx_DFP\1.0.8\Device\Include
  C:\Keil_v5\ARM\PACK\Keil\STM32F4xx_DFP\1.0.8\Device\StdPeriph_Driver\inc

<h2>Collection of Component Files used:</h2>

   * Component: ARM::CMSIS:CORE:5.2.0

   * Component: Keil::Device:Startup:1.3.1
      Source file:   Device\Source\ARM\STM32F40xxx_41xxx_OPT.s
      Source file:   Device\Source\system_stm32f4xx.c
      Include file:  Device\Include\stm32f4xx.h
      Source file:   Device\Source\ARM\startup_stm32f40_41xxx.s
      Source file:   Device\Source\ARM\STM32F4xx_OTP.s
      Include file:  RTE_Driver\Config\RTE_Device.h

   * Component: Keil::Device:StdPeriph Drivers:DMA:1.3.0
      Source file:   Device\StdPeriph_Driver\src\stm32f4xx_dma.c
      Include file:  Device\StdPeriph_Driver\inc\stm32f4xx_dma.h

   * Component: Keil::Device:StdPeriph Drivers:EXTI:1.3.0
      Source file:   Device\StdPeriph_Driver\src\stm32f4xx_exti.c
      Include file:  Device\StdPeriph_Driver\inc\stm32f4xx_exti.h

   * Component: Keil::Device:StdPeriph Drivers:Framework:1.3.1
      Source file:   Device\StdPeriph_Driver\src\misc.c
      Include file:  Device\StdPeriph_Driver\templates\stm32f4xx_it.h
      Source file:   Device\StdPeriph_Driver\templates\stm32f4xx_conf.h
      Source file:   Device\StdPeriph_Driver\templates\stm32f4xx_it.c

   * Component: Keil::Device:StdPeriph Drivers:GPIO:1.3.0
      Include file:  Device\StdPeriph_Driver\inc\stm32f4xx_gpio.h
      Source file:   Device\StdPeriph_Driver\src\stm32f4xx_gpio.c

   * Component: Keil::Device:StdPeriph Drivers:I2C:1.3.0
      Source file:   Device\StdPeriph_Driver\src\stm32f4xx_i2c.c
      Include file:  Device\StdPeriph_Driver\inc\stm32f4xx_i2c.h

   * Component: Keil::Device:StdPeriph Drivers:IWDG:1.3.0
      Include file:  Device\StdPeriph_Driver\inc\stm32f4xx_iwdg.h
      Source file:   Device\StdPeriph_Driver\src\stm32f4xx_iwdg.c

   * Component: Keil::Device:StdPeriph Drivers:RCC:1.3.0
      Include file:  Device\StdPeriph_Driver\inc\stm32f4xx_rcc.h
      Source file:   Device\StdPeriph_Driver\src\stm32f4xx_rcc.c

   * Component: Keil::Device:StdPeriph Drivers:RNG:1.3.0
      Source file:   Device\StdPeriph_Driver\src\stm32f4xx_rng.c
      Include file:  Device\StdPeriph_Driver\inc\stm32f4xx_rng.h

   * Component: Keil::Device:StdPeriph Drivers:RTC:1.3.0
      Include file:  Device\StdPeriph_Driver\inc\stm32f4xx_rtc.h
      Source file:   Device\StdPeriph_Driver\src\stm32f4xx_rtc.c

   * Component: Keil::Device:StdPeriph Drivers:SYSCFG:1.3.0
      Include file:  Device\StdPeriph_Driver\inc\stm32f4xx_syscfg.h
      Source file:   Device\StdPeriph_Driver\src\stm32f4xx_syscfg.c

   * Component: Keil::Device:StdPeriph Drivers:TIM:1.3.0
      Include file:  Device\StdPeriph_Driver\inc\stm32f4xx_tim.h
      Source file:   Device\StdPeriph_Driver\src\stm32f4xx_tim.c

   * Component: Keil::Device:StdPeriph Drivers:USART:1.3.0
      Include file:  Device\StdPeriph_Driver\inc\stm32f4xx_usart.h
      Source file:   Device\StdPeriph_Driver\src\stm32f4xx_usart.c
Build Time Elapsed:  00:00:35
</pre>
</body>
</html>
