Component: ARM Compiler 5.06 update 6 (build 750) Tool: armlink [4d35ed]

==============================================================================

Section Cross References

    main.o(i.main) refers to system_stm32f4xx.o(i.SystemInit) for SystemInit
    main.o(i.main) refers to all_hardware_init.o(i.ALL_HARDWARE_INIT) for ALL_HARDWARE_INIT
    main.o(i.main) refers to creat_task.o(i.Create_task) for Create_task
    all_hardware_init.o(i.ALL_HARDWARE_INIT) refers to motor.o(i.ALL_WHEEL_PWM_INIT) for ALL_WHEEL_PWM_INIT
    all_hardware_init.o(i.ALL_HARDWARE_INIT) refers to usart.o(i.Usart1_Init) for Usart1_Init
    all_hardware_init.o(i.ALL_HARDWARE_INIT) refers to usart.o(i.Bluetooth_Usart3_Init) for Bluetooth_Usart3_Init
    all_hardware_init.o(i.ALL_HARDWARE_INIT) refers to sr04.o(i.DWT_Init) for DWT_Init
    all_hardware_init.o(i.ALL_HARDWARE_INIT) refers to sr04.o(i.Sr04_Init) for Sr04_Init
    all_hardware_init.o(i.ALL_HARDWARE_INIT) refers to servo.o(i.Servo_PB0_Init) for Servo_PB0_Init
    all_hardware_init.o(i.ALL_HARDWARE_INIT) refers to all_hardware_init.o(i.Iwdg_Init) for Iwdg_Init
    all_hardware_init.o(i.ALL_HARDWARE_INIT) refers to led.o(i.Led_Init) for Led_Init
    all_hardware_init.o(i.ALL_HARDWARE_INIT) refers to random_seed.o(i.RNG_Init) for RNG_Init
    all_hardware_init.o(i.ALL_HARDWARE_INIT) refers to oled_i2c.o(i.I2C_Configuration) for I2C_Configuration
    all_hardware_init.o(i.ALL_HARDWARE_INIT) refers to oled_i2c.o(i.OLED_Init) for OLED_Init
    all_hardware_init.o(i.ALL_HARDWARE_INIT) refers to random_seed.o(i.Get_Random_Seed) for Get_Random_Seed
    all_hardware_init.o(i.ALL_HARDWARE_INIT) refers to rand.o(.text) for srand
    all_hardware_init.o(i.Iwdg_Init) refers to stm32f4xx_iwdg.o(i.IWDG_WriteAccessCmd) for IWDG_WriteAccessCmd
    all_hardware_init.o(i.Iwdg_Init) refers to stm32f4xx_iwdg.o(i.IWDG_SetPrescaler) for IWDG_SetPrescaler
    all_hardware_init.o(i.Iwdg_Init) refers to stm32f4xx_iwdg.o(i.IWDG_SetReload) for IWDG_SetReload
    all_hardware_init.o(i.Iwdg_Init) refers to stm32f4xx_iwdg.o(i.IWDG_Enable) for IWDG_Enable
    all_hardware_init.o(i.Iwdg_Init) refers to stm32f4xx_iwdg.o(i.IWDG_ReloadCounter) for IWDG_ReloadCounter
    creat_task.o(i.Create_task) refers to tasks.o(i.xTaskCreate) for xTaskCreate
    creat_task.o(i.Create_task) refers to tasks.o(i.vTaskStartScheduler) for vTaskStartScheduler
    creat_task.o(i.Create_task) refers to creat_task.o(.data) for task0_handle
    creat_task.o(i.Create_task) refers to creat_task.o(i.task0) for task0
    creat_task.o(i.Create_task) refers to creat_task.o(i.task1) for task1
    creat_task.o(i.Create_task) refers to creat_task.o(i.task2) for task2
    creat_task.o(i.Create_task) refers to creat_task.o(i.task3) for task3
    creat_task.o(i.Create_task) refers to creat_task.o(i.task4) for task4
    creat_task.o(i.Create_task) refers to creat_task.o(i.task5) for task5
    creat_task.o(i.task0) refers to stm32f4xx_iwdg.o(i.IWDG_ReloadCounter) for IWDG_ReloadCounter
    creat_task.o(i.task0) refers to stm32f4xx_gpio.o(i.GPIO_ToggleBits) for GPIO_ToggleBits
    creat_task.o(i.task0) refers to tasks.o(i.vTaskDelay) for vTaskDelay
    creat_task.o(i.task1) refers to control_car.o(i.Move) for Move
    creat_task.o(i.task1) refers to tasks.o(i.vTaskDelay) for vTaskDelay
    creat_task.o(i.task1) refers to irq.o(.data) for g_control_flag
    creat_task.o(i.task2) refers to tasks.o(i.vTaskDelay) for vTaskDelay
    creat_task.o(i.task2) refers to sr04_get_dis.o(i.Get_Sr04_Value) for Get_Sr04_Value
    creat_task.o(i.task2) refers to random_seed.o(i.Get_Random_Seed) for Get_Random_Seed
    creat_task.o(i.task2) refers to control_car.o(i.Move) for Move
    creat_task.o(i.task2) refers to irq.o(.data) for g_control_flag
    creat_task.o(i.task2) refers to creat_task.o(.data) for g_avoid_distance
    creat_task.o(i.task3) refers to servo.o(i.Set_Servo_Angle) for Set_Servo_Angle
    creat_task.o(i.task3) refers to tasks.o(i.vTaskDelay) for vTaskDelay
    creat_task.o(i.task3) refers to irq.o(.data) for g_control_flag
    creat_task.o(i.task4) refers to _printf_percent.o(.ARM.Collect$$_printf_percent$$00000000) for _printf_percent
    creat_task.o(i.task4) refers to _printf_d.o(.ARM.Collect$$_printf_percent$$00000009) for _printf_d
    creat_task.o(i.task4) refers to _printf_dec.o(.text) for _printf_int_dec
    creat_task.o(i.task4) refers to rt_memclr_w.o(.text) for __aeabi_memclr4
    creat_task.o(i.task4) refers to oled_i2c.o(i.OLED_CLS) for OLED_CLS
    creat_task.o(i.task4) refers to oled_i2c.o(i.OLED_ShowCN) for OLED_ShowCN
    creat_task.o(i.task4) refers to oled_i2c.o(i.OLED_ShowStr) for OLED_ShowStr
    creat_task.o(i.task4) refers to noretval__2snprintf.o(.text) for __2snprintf
    creat_task.o(i.task4) refers to tasks.o(i.vTaskDelay) for vTaskDelay
    creat_task.o(i.task4) refers to irq.o(.data) for g_control_flag
[...]
    i.prvCopyDataFromQueue                   0x08002888   Section        0  queue.o(i.prvCopyDataFromQueue)
    prvCopyDataFromQueue                     0x08002889   Thumb Code    42  queue.o(i.prvCopyDataFromQueue)
    i.prvCopyDataToQueue                     0x080028b2   Section        0  queue.o(i.prvCopyDataToQueue)
    prvCopyDataToQueue                       0x080028b3   Thumb Code   124  queue.o(i.prvCopyDataToQueue)
    i.prvDeleteTCB                           0x0800292e   Section        0  tasks.o(i.prvDeleteTCB)
    prvDeleteTCB                             0x0800292f   Thumb Code    18  tasks.o(i.prvDeleteTCB)
    i.prvGetNextExpireTime                   0x08002940   Section        0  timers.o(i.prvGetNextExpireTime)
    prvGetNextExpireTime                     0x08002941   Thumb Code    36  timers.o(i.prvGetNextExpireTime)
    i.prvHeapInit                            0x08002968   Section        0  heap_4.o(i.prvHeapInit)
    prvHeapInit                              0x08002969   Thumb Code    98  heap_4.o(i.prvHeapInit)
    i.prvIdleTask                            0x080029e4   Section        0  tasks.o(i.prvIdleTask)
    prvIdleTask                              0x080029e5   Thumb Code    32  tasks.o(i.prvIdleTask)
    i.prvInitialiseNewQueue                  0x08002a0c   Section        0  queue.o(i.prvInitialiseNewQueue)
    prvInitialiseNewQueue                    0x08002a0d   Thumb Code    42  queue.o(i.prvInitialiseNewQueue)
    i.prvInitialiseNewTask                   0x08002a36   Section        0  tasks.o(i.prvInitialiseNewTask)
    prvInitialiseNewTask                     0x08002a37   Thumb Code   180  tasks.o(i.prvInitialiseNewTask)
    i.prvInitialiseTaskLists                 0x08002aec   Section        0  tasks.o(i.prvInitialiseTaskLists)
    prvInitialiseTaskLists                   0x08002aed   Thumb Code    70  tasks.o(i.prvInitialiseTaskLists)
    i.prvInsertBlockIntoFreeList             0x08002b54   Section        0  heap_4.o(i.prvInsertBlockIntoFreeList)
    prvInsertBlockIntoFreeList               0x08002b55   Thumb Code    96  heap_4.o(i.prvInsertBlockIntoFreeList)
    i.prvInsertTimerInActiveList             0x08002bbc   Section        0  timers.o(i.prvInsertTimerInActiveList)
    prvInsertTimerInActiveList               0x08002bbd   Thumb Code    80  timers.o(i.prvInsertTimerInActiveList)
    i.prvIsQueueEmpty                        0x08002c14   Section        0  queue.o(i.prvIsQueueEmpty)
    prvIsQueueEmpty                          0x08002c15   Thumb Code    26  queue.o(i.prvIsQueueEmpty)
    i.prvIsQueueFull                         0x08002c2e   Section        0  queue.o(i.prvIsQueueFull)
    prvIsQueueFull                           0x08002c2f   Thumb Code    30  queue.o(i.prvIsQueueFull)
    i.prvProcessExpiredTimer                 0x08002c4c   Section        0  timers.o(i.prvProcessExpiredTimer)
    prvProcessExpiredTimer                   0x08002c4d   Thumb Code    94  timers.o(i.prvProcessExpiredTimer)
    i.prvProcessReceivedCommands             0x08002cb0   Section        0  timers.o(i.prvProcessReceivedCommands)
    prvProcessReceivedCommands               0x08002cb1   Thumb Code   242  timers.o(i.prvProcessReceivedCommands)
    i.prvProcessTimerOrBlockTask             0x08002da8   Section        0  timers.o(i.prvProcessTimerOrBlockTask)
    prvProcessTimerOrBlockTask               0x08002da9   Thumb Code   102  timers.o(i.prvProcessTimerOrBlockTask)
    i.prvResetNextTaskUnblockTime            0x08002e1c   Section        0  tasks.o(i.prvResetNextTaskUnblockTime)
    prvResetNextTaskUnblockTime              0x08002e1d   Thumb Code    42  tasks.o(i.prvResetNextTaskUnblockTime)
    i.prvSampleTimeNow                       0x08002e50   Section        0  timers.o(i.prvSampleTimeNow)
    prvSampleTimeNow                         0x08002e51   Thumb Code    40  timers.o(i.prvSampleTimeNow)
    i.prvSwitchTimerLists                    0x08002e7c   Section        0  timers.o(i.prvSwitchTimerLists)
    prvSwitchTimerLists                      0x08002e7d   Thumb Code   150  timers.o(i.prvSwitchTimerLists)
    i.prvTaskExitError                       0x08002f1c   Section        0  port.o(i.prvTaskExitError)
    prvTaskExitError                         0x08002f1d   Thumb Code    60  port.o(i.prvTaskExitError)
    i.prvTimerTask                           0x08002f5c   Section        0  timers.o(i.prvTimerTask)
    prvTimerTask                             0x08002f5d   Thumb Code    26  timers.o(i.prvTimerTask)
    i.prvUnlockQueue                         0x08002f76   Section        0  queue.o(i.prvUnlockQueue)
    prvUnlockQueue                           0x08002f77   Thumb Code   126  queue.o(i.prvUnlockQueue)
    i.pvPortMalloc                           0x08002ff4   Section        0  heap_4.o(i.pvPortMalloc)
    i.pvTaskIncrementMutexHeldCount          0x08003130   Section        0  tasks.o(i.pvTaskIncrementMutexHeldCount)
    i.pxPortInitialiseStack                  0x08003150   Section        0  port.o(i.pxPortInitialiseStack)
    i.task0                                  0x0800317c   Section        0  creat_task.o(i.task0)
    task0                                    0x0800317d   Thumb Code    26  creat_task.o(i.task0)
    i.task1                                  0x0800319c   Section        0  creat_task.o(i.task1)
    task1                                    0x0800319d   Thumb Code   124  creat_task.o(i.task1)
    i.task2                                  0x08003228   Section        0  creat_task.o(i.task2)
    task2                                    0x08003229   Thumb Code   144  creat_task.o(i.task2)
    i.task3                                  0x080032c8   Section        0  creat_task.o(i.task3)
    task3                                    0x080032c9   Thumb Code   184  creat_task.o(i.task3)
    i.task4                                  0x08003390   Section        0  creat_task.o(i.task4)
    task4                                    0x08003391   Thumb Code   146  creat_task.o(i.task4)
    i.task5                                  0x08003460   Section        0  creat_task.o(i.task5)
    task5                                    0x08003461   Thumb Code   124  creat_task.o(i.task5)
    i.uxListRemove                           0x080034e8   Section        0  list.o(i.uxListRemove)
    i.vListInitialise                        0x08003510   Section        0  list.o(i.vListInitialise)
    i.vListInitialiseItem                    0x0800352a   Section        0  list.o(i.vListInitialiseItem)
    i.vListInsert                            0x08003530   Section        0  list.o(i.vListInsert)
    i.vListInsertEnd                         0x08003564   Section        0  list.o(i.vListInsertEnd)
    i.vPortEnterCritical                     0x0800357c   Section        0  port.o(i.vPortEnterCritical)
    i.vPortExitCritical                      0x080035d0   Section        0  port.o(i.vPortExitCritical)
    i.vPortFree                              0x0800360c   Section        0  heap_4.o(i.vPortFree)
    i.vPortSetupTimerInterrupt               0x080036a0   Section        0  port.o(i.vPortSetupTimerInterrupt)
    i.vPortValidateInterruptPriority         0x080036c0   Section        0  port.o(i.vPortValidateInterruptPriority)
    i.vQueueAddToRegistry                    0x08003738   Section        0  queue.o(i.vQueueAddToRegistry)
    i.vQueueWaitForMessageRestricted         0x08003764   Section        0  queue.o(i.vQueueWaitForMessageRestricted)
    i.vTaskDelay                             0x080037b0   Section        0  tasks.o(i.vTaskDelay)
    i.vTaskMissedYield                       0x0800380c   Section        0  tasks.o(i.vTaskMissedYield)
    i.vTaskPlaceOnEventList                  0x08003818   Section        0  tasks.o(i.vTaskPlaceOnEventList)
    i.vTaskPlaceOnEventListRestricted        0x08003850   Section        0  tasks.o(i.vTaskPlaceOnEventListRestricted)
    i.vTaskPriorityInherit                   0x08003890   Section        0  tasks.o(i.vTaskPriorityInherit)
    i.vTaskSetTimeOutState                   0x08003940   Section        0  tasks.o(i.vTaskSetTimeOutState)
    i.vTaskStartScheduler                    0x08003970   Section        0  tasks.o(i.vTaskStartScheduler)
    i.vTaskSuspendAll                        0x08003a04   Section        0  tasks.o(i.vTaskSuspendAll)
    i.vTaskSwitchContext                     0x08003a14   Section        0  tasks.o(i.vTaskSwitchContext)
    i.xPortStartScheduler                    0x08003aa0   Section        0  port.o(i.xPortStartScheduler)
    i.xQueueGenericCreate                    0x08003bdc   Section        0  queue.o(i.xQueueGenericCreate)
    i.xQueueGenericReceive                   0x08003c34   Section        0  queue.o(i.xQueueGenericReceive)
    i.xQueueGenericReset                     0x08003df8   Section        0  queue.o(i.xQueueGenericReset)
    i.xQueueGenericSend                      0x08003e90   Section        0  queue.o(i.xQueueGenericSend)
    i.xQueueGenericSendFromISR               0x08004038   Section        0  queue.o(i.xQueueGenericSendFromISR)
    i.xTaskCheckForTimeOut                   0x08004130   Section        0  tasks.o(i.xTaskCheckForTimeOut)
    i.xTaskCreate                            0x080041bc   Section        0  tasks.o(i.xTaskCreate)
    i.xTaskGetSchedulerState                 0x0800421c   Section        0  tasks.o(i.xTaskGetSchedulerState)
    i.xTaskGetTickCount                      0x0800423c   Section        0  tasks.o(i.xTaskGetTickCount)
    i.xTaskIncrementTick                     0x08004248   Section        0  tasks.o(i.xTaskIncrementTick)
    i.xTaskPriorityDisinherit                0x08004390   Section        0  tasks.o(i.xTaskPriorityDisinherit)
    i.xTaskRemoveFromEventList               0x08004458   Section        0  tasks.o(i.xTaskRemoveFromEventList)
    i.xTaskResumeAll                         0x080044f0   Section        0  tasks.o(i.xTaskResumeAll)
    i.xTimerCreateTimerTask                  0x080045f4   Section        0  timers.o(i.xTimerCreateTimerTask)
    i.xTimerGenericCommand                   0x0800464c   Section        0  timers.o(i.xTimerGenericCommand)
    x$fpl$fpinit                             0x080046d0   Section       10  fpinit.o(x$fpl$fpinit)
    $v0                                      0x080046d0   Number         0  fpinit.o(x$fpl$fpinit)
    .constdata                               0x080046da   Section     2072  oled_i2c.o(.constdata)
    .data                                    0x10000000   Section       29  creat_task.o(.data)
    last_direction                           0x1000001c   Data           1  creat_task.o(.data)
    .data                                    0x10000020   Section       41  irq.o(.data)
    .data                                    0x1000004c   Section       60  tasks.o(.data)
    pxDelayedTaskList                        0x10000050   Data           4  tasks.o(.data)
    pxOverflowDelayedTaskList                0x10000054   Data           4  tasks.o(.data)
    uxDeletedTasksWaitingCleanUp             0x10000058   Data           4  tasks.o(.data)
    uxCurrentNumberOfTasks                   0x1000005c   Data           4  tasks.o(.data)
    xTickCount                               0x10000060   Data           4  tasks.o(.data)
    uxTopReadyPriority                       0x10000064   Data           4  tasks.o(.data)
    xSchedulerRunning                        0x10000068   Data           4  tasks.o(.data)
    uxPendedTicks                            0x1000006c   Data           4  tasks.o(.data)
    xYieldPending                            0x10000070   Data           4  tasks.o(.data)
    xNumOfOverflows                          0x10000074   Data           4  tasks.o(.data)
    uxTaskNumber                             0x10000078   Data           4  tasks.o(.data)
    xNextTaskUnblockTime                     0x1000007c   Data           4  tasks.o(.data)
    xIdleTaskHandle                          0x10000080   Data           4  tasks.o(.data)
    uxSchedulerSuspended                     0x10000084   Data           4  tasks.o(.data)
    .data                                    0x10000088   Section       20  timers.o(.data)
    pxCurrentTimerList                       0x10000088   Data           4  timers.o(.data)
    pxOverflowTimerList                      0x1000008c   Data           4  timers.o(.data)
    xTimerQueue                              0x10000090   Data           4  timers.o(.data)
    xTimerTaskHandle                         0x10000094   Data           4  timers.o(.data)
    xLastTime                                0x10000098   Data           4  timers.o(.data)
    .data                                    0x1000009c   Section       12  port.o(.data)
    uxCriticalNesting                        0x1000009c   Data           4  port.o(.data)
    ucMaxSysCallPriority                     0x100000a0   Data           1  port.o(.data)
    ulMaxPRIGROUPValue                       0x100000a4   Data           4  port.o(.data)
    .data                                    0x100000a8   Section       24  heap_4.o(.data)
    xStart                                   0x100000a8   Data           8  heap_4.o(.data)
    pxEnd                                    0x100000b0   Data           4  heap_4.o(.data)
    xFreeBytesRemaining                      0x100000b4   Data           4  heap_4.o(.data)
    xMinimumEverFreeBytesRemaining           0x100000b8   Data           4  heap_4.o(.data)
    xBlockAllocatedBit                       0x100000bc   Data           4  heap_4.o(.data)
    .data                                    0x100000c0   Section     1056  oled_i2c.o(.data)
    .data                                    0x100004e0   Section       16  stm32f4xx_rcc.o(.data)
    APBAHBPrescTable                         0x100004e0   Data          16  stm32f4xx_rcc.o(.data)
    .data                                    0x100004f0   Section       20  system_stm32f4xx.o(.data)
    .bss                                     0x10000504   Section       64  queue.o(.bss)
    .bss                                     0x10000544   Section      260  tasks.o(.bss)
    pxReadyTasksLists                        0x10000544   Data         160  tasks.o(.bss)
    xDelayedTaskList1                        0x100005e4   Data          20  tasks.o(.bss)
    xDelayedTaskList2                        0x100005f8   Data          20  tasks.o(.bss)
    xPendingReadyList                        0x1000060c   Data          20  tasks.o(.bss)
    xTasksWaitingTermination                 0x10000620   Data          20  tasks.o(.bss)
    xSuspendedTaskList                       0x10000634   Data          20  tasks.o(.bss)
    .bss                                     0x10000648   Section       40  timers.o(.bss)
    xActiveTimerList1                        0x10000648   Data          20  timers.o(.bss)
    xActiveTimerList2                        0x1000065c   Data          20  timers.o(.bss)
    .bss                                     0x10000670   Section      228  rand.o(.bss)
    .bss                                     0x10000754   Section       96  libspace.o(.bss)
    HEAP                                     0x100007b8   Section     2048  startup_stm32f40_41xxx.o(HEAP)
    Heap_Mem                                 0x100007b8   Data        2048  startup_stm32f40_41xxx.o(HEAP)
    STACK                                    0x10000fb8   Section     2048  startup_stm32f40_41xxx.o(STACK)
    Stack_Mem                                0x10000fb8   Data        2048  startup_stm32f40_41xxx.o(STACK)
    __initial_sp                             0x100017b8   Data           0  startup_stm32f40_41xxx.o(STACK)
    .bss                                     0x20000000   Section    76800  heap_4.o(.bss)
    ucHeap                                   0x20000000   Data       76800  heap_4.o(.bss)

    Global Symbols

    Symbol Name                              Value     Ov Type        Size  Object(Section)

    BuildAttributes$$THM_ISAv4$E$P$D$K$B$S$7EM$VFPi3$EXTD16$VFPS$VFMA$PE$A:L22UL41UL21$X:L11$S22US41US21$IEEE1$IW$USESV6$~STKCKD$USESV7$~SHL$OSPACE$ROPI$EBA8$UX$STANDARDLIB$REQ8$PRES8$EABIv2 0x00000000   Number         0  anon$$obj.o ABSOLUTE
    __ARM_use_no_argv                        0x00000000   Number         0  main.o ABSOLUTE
    __ARM_exceptions_init                     - Undefined Weak Reference
    __alloca_initialize                       - Undefined Weak Reference
    __arm_preinit_                            - Undefined Weak Reference
    __cpp_initialize__aeabi_                  - Undefined Weak Reference
    __cxa_finalize                            - Undefined Weak Reference
    __rt_locale                               - Undefined Weak Reference
    __sigvec_lookup                           - Undefined Weak Reference
    _atexit_init                              - Undefined Weak Reference
    _call_atexit_fns                          - Undefined Weak Reference
    _clock_init                               - Undefined Weak Reference
    _fp_trap_init                             - Undefined Weak Reference
    _fp_trap_shutdown                         - Undefined Weak Reference
    _get_lc_collate                           - Undefined Weak Reference
    _get_lc_ctype                             - Undefined Weak Reference
    _get_lc_monetary                          - Undefined Weak Reference
    _get_lc_numeric                           - Undefined Weak Reference
    _get_lc_time                              - Undefined Weak Reference
    _getenv_init                              - Undefined Weak Reference
    _handle_redirection                       - Undefined Weak Reference
    _init_alloc                               - Undefined Weak Reference
    _init_user_alloc                          - Undefined Weak Reference
    _initio                                   - Undefined Weak Reference
    _printf_post_padding                      - Undefined Weak Reference
    _printf_pre_padding                       - Undefined Weak Reference
    _printf_truncate_signed                   - Undefined Weak Reference
    _printf_truncate_unsigned                 - Undefined Weak Reference
    _signal_finish                            - Undefined Weak Reference
    _signal_init                              - Undefined Weak Reference
    _terminate_alloc                          - Undefined Weak Reference
    _terminate_user_alloc                     - Undefined Weak Reference
    _terminateio                              - Undefined Weak Reference
    __Vectors_Size                           0x00000188   Number         0  startup_stm32f40_41xxx.o ABSOLUTE
    __Vectors                                0x08000000   Data           4  startup_stm32f40_41xxx.o(RESET)
    __Vectors_End                            0x08000188   Data           0  startup_stm32f40_41xxx.o(RESET)
    __main                                   0x08000189   Thumb Code     8  __main.o(!!!main)
    __scatterload                            0x08000191   Thumb Code     0  __scatter.o(!!!scatter)
    __scatterload_rt2                        0x08000191   Thumb Code    44  __scatter.o(!!!scatter)
    __scatterload_rt2_thumb_only             0x08000191   Thumb Code     0  __scatter.o(!!!scatter)
    __scatterload_null                       0x0800019f   Thumb Code     0  __scatter.o(!!!scatter)
    __decompress                             0x080001c5   Thumb Code    90  __dczerorl2.o(!!dczerorl2)
    __decompress1                            0x080001c5   Thumb Code     0  __dczerorl2.o(!!dczerorl2)
    __scatterload_zeroinit                   0x08000221   Thumb Code    28  __scatter_zi.o(!!handler_zi)
    _printf_d                                0x0800023d   Thumb Code     0  _printf_d.o(.ARM.Collect$$_printf_percent$$00000009)
    _printf_percent                          0x0800023d   Thumb Code     0  _printf_percent.o(.ARM.Collect$$_printf_percent$$00000000)
    _printf_percent_end                      0x08000243   Thumb Code     0  _printf_percent_end.o(.ARM.Collect$$_printf_percent$$00000017)
    __rt_lib_init                            0x08000247   Thumb Code     0  libinit.o(.ARM.Collect$$libinit$$00000000)
    __rt_lib_init_fp_1                       0x08000249   Thumb Code     0  libinit2.o(.ARM.Collect$$libinit$$00000001)
    __rt_lib_init_heap_1                     0x0800024d   Thumb Code     0  libinit2.o(.ARM.Collect$$libinit$$0000000A)
    __rt_lib_init_preinit_1                  0x0800024d   Thumb Code     0  libinit2.o(.ARM.Collect$$libinit$$00000004)
    __rt_lib_init_rand_2                     0x0800024d   Thumb Code     0  libinit2.o(.ARM.Collect$$libinit$$0000000D)
    __rt_lib_init_user_alloc_1               0x0800024d   Thumb Code     0  libinit2.o(.ARM.Collect$$libinit$$0000000C)
    __rt_lib_init_alloca_1                   0x08000251   Thumb Code     0  libinit2.o(.ARM.Collect$$libinit$$0000002E)
    __rt_lib_init_argv_1                     0x08000251   Thumb Code     0  libinit2.o(.ARM.Collect$$libinit$$0000002C)
    __rt_lib_init_atexit_1                   0x08000251   Thumb Code     0  libinit2.o(.ARM.Collect$$libinit$$0000001B)
    __rt_lib_init_clock_1                    0x08000251   Thumb Code     0  libinit2.o(.ARM.Collect$$libinit$$00000021)
    __rt_lib_init_cpp_1                      0x08000251   Thumb Code     0  libinit2.o(.ARM.Collect$$libinit$$00000032)
    __rt_lib_init_exceptions_1               0x08000251   Thumb Code     0  libinit2.o(.ARM.Collect$$libinit$$00000030)
    __rt_lib_init_fp_trap_1                  0x08000251   Thumb Code     0  libinit2.o(.ARM.Collect$$libinit$$0000001F)
    __rt_lib_init_getenv_1                   0x08000251   Thumb Code     0  libinit2.o(.ARM.Collect$$libinit$$00000023)
    __rt_lib_init_lc_collate_1               0x08000251   Thumb Code     0  libinit2.o(.ARM.Collect$$libinit$$00000011)
    __rt_lib_init_lc_ctype_1                 0x08000251   Thumb Code     0  libinit2.o(.ARM.Collect$$libinit$$00000013)
    __rt_lib_init_lc_monetary_1              0x08000251   Thumb Code     0  libinit2.o(.ARM.Collect$$libinit$$00000015)
    __rt_lib_init_lc_numeric_1               0x08000251   Thumb Code     0  libinit2.o(.ARM.Collect$$libinit$$00000017)
    __rt_lib_init_lc_time_1                  0x08000251   Thumb Code     0  libinit2.o(.ARM.Collect$$libinit$$00000019)
    __rt_lib_init_rand_1                     0x08000251   Thumb Code     0  libinit2.o(.ARM.Collect$$libinit$$0000000E)
    __rt_lib_init_return                     0x08000251   Thumb Code     0  libinit2.o(.ARM.Collect$$libinit$$00000033)
    __rt_lib_init_signal_1                   0x08000251   Thumb Code     0  libinit2.o(.ARM.Collect$$libinit$$0000001D)
    __rt_lib_init_stdio_1                    0x08000251   Thumb Code     0  libinit2.o(.ARM.Collect$$libinit$$00000025)
    __rt_lib_shutdown                        0x08000253   Thumb Code     0  libshutdown.o(.ARM.Collect$$libshutdown$$00000000)
    __rt_lib_shutdown_cpp_1                  0x08000255   Thumb Code     0  libshutdown2.o(.ARM.Collect$$libshutdown$$00000002)
    __rt_lib_shutdown_fp_trap_1              0x08000255   Thumb Code     0  libshutdown2.o(.ARM.Collect$$libshutdown$$00000007)
    __rt_lib_shutdown_heap_1                 0x08000255   Thumb Code     0  libshutdown2.o(.ARM.Collect$$libshutdown$$0000000F)
    __rt_lib_shutdown_return                 0x08000255   Thumb Code     0  libshutdown2.o(.ARM.Collect$$libshutdown$$00000010)
    __rt_lib_shutdown_signal_1               0x08000255   Thumb Code     0  libshutdown2.o(.ARM.Collect$$libshutdown$$0000000A)
    __rt_lib_shutdown_stdio_1                0x08000255   Thumb Code     0  libshutdown2.o(.ARM.Collect$$libshutdown$$00000004)
    __rt_lib_shutdown_user_alloc_1           0x08000255   Thumb Code     0  libshutdown2.o(.ARM.Collect$$libshutdown$$0000000C)
    __rt_entry                               0x08000257   Thumb Code     0  __rtentry.o(.ARM.Collect$$rtentry$$00000000)
    __rt_entry_presh_1                       0x08000257   Thumb Code     0  __rtentry2.o(.ARM.Collect$$rtentry$$00000002)
    __rt_entry_sh                            0x08000257   Thumb Code     0  __rtentry4.o(.ARM.Collect$$rtentry$$00000004)
    __rt_entry_li                            0x0800025d   Thumb Code     0  __rtentry2.o(.ARM.Collect$$rtentry$$0000000A)
    __rt_entry_postsh_1                      0x0800025d   Thumb Code     0  __rtentry2.o(.ARM.Collect$$rtentry$$00000009)
    __rt_entry_main                          0x08000261   Thumb Code     0  __rtentry2.o(.ARM.Collect$$rtentry$$0000000D)
    __rt_entry_postli_1                      0x08000261   Thumb Code     0  __rtentry2.o(.ARM.Collect$$rtentry$$0000000C)
    __rt_exit                                0x08000269   Thumb Code     0  rtexit.o(.ARM.Collect$$rtexit$$00000000)
    __rt_exit_ls                             0x0800026b   Thumb Code     0  rtexit2.o(.ARM.Collect$$rtexit$$00000003)
    __rt_exit_prels_1                        0x0800026b   Thumb Code     0  rtexit2.o(.ARM.Collect$$rtexit$$00000002)
    __rt_exit_exit                           0x0800026f   Thumb Code     0  rtexit2.o(.ARM.Collect$$rtexit$$00000004)
    SVC_Handler                              0x08000275   Thumb Code    28  port.o(.emb_text)
    __asm___6_port_c_39a90d8d__prvStartFirstTask 0x08000295   Thumb Code    28  port.o(.emb_text)
    __asm___6_port_c_39a90d8d__prvEnableVFP  0x080002b5   Thumb Code    16  port.o(.emb_text)
    PendSV_Handler                           0x080002c9   Thumb Code    88  port.o(.emb_text)
    vPortGetIPSR                             0x08000325   Thumb Code     6  port.o(.emb_text)
    Reset_Handler                            0x0800032d   Thumb Code     8  startup_stm32f40_41xxx.o(.text)
    NMI_Handler                              0x08000335   Thumb Code     2  startup_stm32f40_41xxx.o(.text)
    HardFault_Handler                        0x08000337   Thumb Code     2  startup_stm32f40_41xxx.o(.text)
    MemManage_Handler                        0x08000339   Thumb Code     2  startup_stm32f40_41xxx.o(.text)
    BusFault_Handler                         0x0800033b   Thumb Code     2  startup_stm32f40_41xxx.o(.text)
    UsageFault_Handler                       0x0800033d   Thumb Code     2  startup_stm32f40_41xxx.o(.text)
    DebugMon_Handler                         0x08000341   Thumb Code     2  startup_stm32f40_41xxx.o(.text)
    ADC_IRQHandler                           0x08000347   Thumb Code     0  startup_stm32f40_41xxx.o(.text)
    CAN1_RX0_IRQHandler                      0x08000347   Thumb Code     0  startup_stm32f40_41xxx.o(.text)
    CAN1_RX1_IRQHandler                      0x08000347   Thumb Code     0  startup_stm32f40_41xxx.o(.text)
    CAN1_SCE_IRQHandler                      0x08000347   Thumb Code     0  startup_stm32f40_41xxx.o(.text)
    CAN1_TX_IRQHandler                       0x08000347   Thumb Code     0  startup_stm32f40_41xxx.o(.text)
    CAN2_RX0_IRQHandler                      0x08000347   Thumb Code     0  startup_stm32f40_41xxx.o(.text)
    CAN2_RX1_IRQHandler                      0x08000347   Thumb Code     0  startup_stm32f40_41xxx.o(.text)
    CAN2_SCE_IRQHandler                      0x08000347   Thumb Code     0  startup_stm32f40_41xxx.o(.text)
    CAN2_TX_IRQHandler                       0x08000347   Thumb Code     0  startup_stm32f40_41xxx.o(.text)
    CRYP_IRQHandler                          0x08000347   Thumb Code     0  startup_stm32f40_41xxx.o(.text)
    DCMI_IRQHandler                          0x08000347   Thumb Code     0  startup_stm32f40_41xxx.o(.text)
    DMA1_Stream0_IRQHandler                  0x08000347   Thumb Code     0  startup_stm32f40_41xxx.o(.text)
    DMA1_Stream1_IRQHandler                  0x08000347   Thumb Code     0  startup_stm32f40_41xxx.o(.text)
    DMA1_Stream2_IRQHandler                  0x08000347   Thumb Code     0  startup_stm32f40_41xxx.o(.text)
    DMA1_Stream3_IRQHandler                  0x08000347   Thumb Code     0  startup_stm32f40_41xxx.o(.text)
    DMA1_Stream4_IRQHandler                  0x08000347   Thumb Code     0  startup_stm32f40_41xxx.o(.text)
    DMA1_Stream5_IRQHandler                  0x08000347   Thumb Code     0  startup_stm32f40_41xxx.o(.text)
    DMA1_Stream6_IRQHandler                  0x08000347   Thumb Code     0  startup_stm32f40_41xxx.o(.text)
    DMA1_Stream7_IRQHandler                  0x08000347   Thumb Code     0  startup_stm32f40_41xxx.o(.text)
    DMA2_Stream0_IRQHandler                  0x08000347   Thumb Code     0  startup_stm32f40_41xxx.o(.text)
    DMA2_Stream1_IRQHandler                  0x08000347   Thumb Code     0  startup_stm32f40_41xxx.o(.text)
    DMA2_Stream2_IRQHandler                  0x08000347   Thumb Code     0  startup_stm32f40_41xxx.o(.text)
    DMA2_Stream3_IRQHandler                  0x08000347   Thumb Code     0  startup_stm32f40_41xxx.o(.text)
    DMA2_Stream4_IRQHandler                  0x08000347   Thumb Code     0  startup_stm32f40_41xxx.o(.text)
    DMA2_Stream5_IRQHandler                  0x08000347   Thumb Code     0  startup_stm32f40_41xxx.o(.text)
    DMA2_Stream6_IRQHandler                  0x08000347   Thumb Code     0  startup_stm32f40_41xxx.o(.text)
    DMA2_Stream7_IRQHandler                  0x08000347   Thumb Code     0  startup_stm32f40_41xxx.o(.text)
    ETH_IRQHandler                           0x08000347   Thumb Code     0  startup_stm32f40_41xxx.o(.text)
    ETH_WKUP_IRQHandler                      0x08000347   Thumb Code     0  startup_stm32f40_41xxx.o(.text)
    EXTI0_IRQHandler                         0x08000347   Thumb Code     0  startup_stm32f40_41xxx.o(.text)
    EXTI15_10_IRQHandler                     0x08000347   Thumb Code     0  startup_stm32f40_41xxx.o(.text)
    EXTI1_IRQHandler                         0x08000347   Thumb Code     0  startup_stm32f40_41xxx.o(.text)
    EXTI2_IRQHandler                         0x08000347   Thumb Code     0  startup_stm32f40_41xxx.o(.text)
    EXTI3_IRQHandler                         0x08000347   Thumb Code     0  startup_stm32f40_41xxx.o(.text)
    EXTI4_IRQHandler                         0x08000347   Thumb Code     0  startup_stm32f40_41xxx.o(.text)
    EXTI9_5_IRQHandler                       0x08000347   Thumb Code     0  startup_stm32f40_41xxx.o(.text)
    FLASH_IRQHandler                         0x08000347   Thumb Code     0  startup_stm32f40_41xxx.o(.text)
    FPU_IRQHandler                           0x08000347   Thumb Code     0  startup_stm32f40_41xxx.o(.text)
    FSMC_IRQHandler                          0x08000347   Thumb Code     0  startup_stm32f40_41xxx.o(.text)
    HASH_RNG_IRQHandler                      0x08000347   Thumb Code     0  startup_stm32f40_41xxx.o(.text)
    I2C1_ER_IRQHandler                       0x08000347   Thumb Code     0  startup_stm32f40_41xxx.o(.text)
    I2C1_EV_IRQHandler                       0x08000347   Thumb Code     0  startup_stm32f40_41xxx.o(.text)
    I2C2_ER_IRQHandler                       0x08000347   Thumb Code     0  startup_stm32f40_41xxx.o(.text)
    I2C2_EV_IRQHandler                       0x08000347   Thumb Code     0  startup_stm32f40_41xxx.o(.text)
    I2C3_ER_IRQHandler                       0x08000347   Thumb Code     0  startup_stm32f40_41xxx.o(.text)
    I2C3_EV_IRQHandler                       0x08000347   Thumb Code     0  startup_stm32f40_41xxx.o(.text)
    OTG_FS_IRQHandler                        0x08000347   Thumb Code     0  startup_stm32f40_41xxx.o(.text)
    OTG_FS_WKUP_IRQHandler                   0x08000347   Thumb Code     0  startup_stm32f40_41xxx.o(.text)
    OTG_HS_EP1_IN_IRQHandler                 0x08000347   Thumb Code     0  startup_stm32f40_41xxx.o(.text)
    OTG_HS_EP1_OUT_IRQHandler                0x08000347   Thumb Code     0  startup_stm32f40_41xxx.o(.text)
    OTG_HS_IRQHandler                        0x08000347   Thumb Code     0  startup_stm32f40_41xxx.o(.text)
    OTG_HS_WKUP_IRQHandler                   0x08000347   Thumb Code     0  startup_stm32f40_41xxx.o(.text)
    PVD_IRQHandler                           0x08000347   Thumb Code     0  startup_stm32f40_41xxx.o(.text)
    RCC_IRQHandler                           0x08000347   Thumb Code     0  startup_stm32f40_41xxx.o(.text)
    RTC_Alarm_IRQHandler                     0x08000347   Thumb Code     0  startup_stm32f40_41xxx.o(.text)
    RTC_WKUP_IRQHandler                      0x08000347   Thumb Code     0  startup_stm32f40_41xxx.o(.text)
    SDIO_IRQHandler                          0x08000347   Thumb Code     0  startup_stm32f40_41xxx.o(.text)
    SPI1_IRQHandler                          0x08000347   Thumb Code     0  startup_stm32f40_41xxx.o(.text)
    SPI2_IRQHandler                          0x08000347   Thumb Code     0  startup_stm32f40_41xxx.o(.text)
    SPI3_IRQHandler                          0x08000347   Thumb Code     0  startup_stm32f40_41xxx.o(.text)
    TAMP_STAMP_IRQHandler                    0x08000347   Thumb Code     0  startup_stm32f40_41xxx.o(.text)
    TIM1_BRK_TIM9_IRQHandler                 0x08000347   Thumb Code     0  startup_stm32f40_41xxx.o(.text)
    TIM1_CC_IRQHandler                       0x08000347   Thumb Code     0  startup_stm32f40_41xxx.o(.text)
    TIM1_TRG_COM_TIM11_IRQHandler            0x08000347   Thumb Code     0  startup_stm32f40_41xxx.o(.text)
    TIM1_UP_TIM10_IRQHandler                 0x08000347   Thumb Code     0  startup_stm32f40_41xxx.o(.text)
    TIM2_IRQHandler                          0x08000347   Thumb Code     0  startup_stm32f40_41xxx.o(.text)
    TIM3_IRQHandler                          0x08000347   Thumb Code     0  startup_stm32f40_41xxx.o(.text)
    TIM4_IRQHandler                          0x08000347   Thumb Code     0  startup_stm32f40_41xxx.o(.text)
    TIM5_IRQHandler                          0x08000347   Thumb Code     0  startup_stm32f40_41xxx.o(.text)
    TIM6_DAC_IRQHandler                      0x08000347   Thumb Code     0  startup_stm32f40_41xxx.o(.text)
    TIM7_IRQHandler                          0x08000347   Thumb Code     0  startup_stm32f40_41xxx.o(.text)
    TIM8_BRK_TIM12_IRQHandler                0x08000347   Thumb Code     0  startup_stm32f40_41xxx.o(.text)
    TIM8_CC_IRQHandler                       0x08000347   Thumb Code     0  startup_stm32f40_41xxx.o(.text)
    TIM8_TRG_COM_TIM14_IRQHandler            0x08000347   Thumb Code     0  startup_stm32f40_41xxx.o(.text)
    TIM8_UP_TIM13_IRQHandler                 0x08000347   Thumb Code     0  startup_stm32f40_41xxx.o(.text)
    UART4_IRQHandler                         0x08000347   Thumb Code     0  startup_stm32f40_41xxx.o(.text)
    UART5_IRQHandler                         0x08000347   Thumb Code     0  startup_stm32f40_41xxx.o(.text)
    USART2_IRQHandler                        0x08000347   Thumb Code     0  startup_stm32f40_41xxx.o(.text)
    USART6_IRQHandler                        0x08000347   Thumb Code     0  startup_stm32f40_41xxx.o(.text)
    WWDG_IRQHandler                          0x08000347   Thumb Code     0  startup_stm32f40_41xxx.o(.text)
    __user_initial_stackheap                 0x08000349   Thumb Code     0  startup_stm32f40_41xxx.o(.text)
    __use_no_semihosting                     0x0800036d   Thumb Code     2  use_no_semi_2.o(.text)
    __2snprintf                              0x08000371   Thumb Code    48  noretval__2snprintf.o(.text)
    __printf                                 0x080003a5   Thumb Code   104  __printf.o(.text)
    _printf_int_dec                          0x0800040d   Thumb Code   104  _printf_dec.o(.text)
    srand                                    0x08000485   Thumb Code    42  rand.o(.text)
    _rand_init                               0x080004af   Thumb Code     4  rand.o(.text)
    __aeabi_memcpy                           0x080004c1   Thumb Code     0  rt_memcpy_v6.o(.text)
    __rt_memcpy                              0x080004c1   Thumb Code   138  rt_memcpy_v6.o(.text)
    _memcpy_lastbytes                        0x08000527   Thumb Code     0  rt_memcpy_v6.o(.text)
    __aeabi_memset                           0x0800054b   Thumb Code    16  aeabi_memset.o(.text)
    __aeabi_memclr4                          0x0800055b   Thumb Code     0  rt_memclr_w.o(.text)
    __aeabi_memclr8                          0x0800055b   Thumb Code     0  rt_memclr_w.o(.text)
    __rt_memclr_w                            0x0800055b   Thumb Code    78  rt_memclr_w.o(.text)
    _memset_w                                0x0800055f   Thumb Code     0  rt_memclr_w.o(.text)
    strcmp                                   0x080005a9   Thumb Code   128  strcmpv7m.o(.text)
    __use_two_region_memory                  0x08000629   Thumb Code     2  heapauxi.o(.text)
    __rt_heap_escrow$2region                 0x0800062b   Thumb Code     2  heapauxi.o(.text)
    __rt_heap_expand$2region                 0x0800062d   Thumb Code     2  heapauxi.o(.text)
    __I$use$semihosting                      0x0800062f   Thumb Code     0  use_no_semi.o(.text)
    __use_no_semihosting_swi                 0x0800062f   Thumb Code     2  use_no_semi.o(.text)
    _printf_int_common                       0x08000631   Thumb Code   178  _printf_intcommon.o(.text)
    _printf_char_common                      0x080006ef   Thumb Code    32  _printf_char_common.o(.text)
    _sputc                                   0x08000715   Thumb Code    10  _sputc.o(.text)
    _snputc                                  0x0800071f   Thumb Code    16  _snputc.o(.text)
    __aeabi_memcpy4                          0x0800072f   Thumb Code     0  rt_memcpy_w.o(.text)
    __aeabi_memcpy8                          0x0800072f   Thumb Code     0  rt_memcpy_w.o(.text)
    __rt_memcpy_w                            0x0800072f   Thumb Code   100  rt_memcpy_w.o(.text)
    _memcpy_lastbytes_aligned                0x08000777   Thumb Code     0  rt_memcpy_w.o(.text)
    __aeabi_memclr                           0x08000793   Thumb Code     0  rt_memclr.o(.text)
    __rt_memclr                              0x08000793   Thumb Code    68  rt_memclr.o(.text)
    _memset                                  0x08000797   Thumb Code     0  rt_memclr.o(.text)
    __user_setup_stackheap                   0x080007d7   Thumb Code    74  sys_stackheap_outer.o(.text)
    exit                                     0x08000821   Thumb Code    18  exit.o(.text)
    __user_libspace                          0x08000835   Thumb Code     8  libspace.o(.text)
    __user_perproc_libspace                  0x08000835   Thumb Code     0  libspace.o(.text)
    __user_perthread_libspace                0x08000835   Thumb Code     0  libspace.o(.text)
    ALL_HARDWARE_INIT                        0x0800083d   Thumb Code    66  all_hardware_init.o(i.ALL_HARDWARE_INIT)
    ALL_WHEEL_PWM_INIT                       0x0800087f   Thumb Code    20  motor.o(i.ALL_WHEEL_PWM_INIT)
    Bluetooth_Usart3_Init                    0x08000895   Thumb Code   164  usart.o(i.Bluetooth_Usart3_Init)
    Create_task                              0x08000941   Thumb Code   134  creat_task.o(i.Create_task)
    DWT_Init                                 0x08000a29   Thumb Code    30  sr04.o(i.DWT_Init)
    GPIO_Init                                0x08000a51   Thumb Code   144  stm32f4xx_gpio.o(i.GPIO_Init)
    GPIO_PinAFConfig                         0x08000ae1   Thumb Code    70  stm32f4xx_gpio.o(i.GPIO_PinAFConfig)
    GPIO_SetBits                             0x08000b27   Thumb Code     4  stm32f4xx_gpio.o(i.GPIO_SetBits)
    GPIO_ToggleBits                          0x08000b2b   Thumb Code     8  stm32f4xx_gpio.o(i.GPIO_ToggleBits)
    Get_Random_Seed                          0x08000b33   Thumb Code    20  random_seed.o(i.Get_Random_Seed)
    Get_Sr04_Value                           0x08000b49   Thumb Code   140  sr04_get_dis.o(i.Get_Sr04_Value)
    I2C_CheckEvent                           0x08000be1   Thumb Code    42  stm32f4xx_i2c.o(i.I2C_CheckEvent)
    I2C_Cmd                                  0x08000c0b   Thumb Code    24  stm32f4xx_i2c.o(i.I2C_Cmd)
    I2C_Configuration                        0x08000c25   Thumb Code   140  oled_i2c.o(i.I2C_Configuration)
    I2C_DeInit                               0x08000cbd   Thumb Code    82  stm32f4xx_i2c.o(i.I2C_DeInit)
    I2C_GenerateSTART                        0x08000d1d   Thumb Code    24  stm32f4xx_i2c.o(i.I2C_GenerateSTART)
    I2C_GenerateSTOP                         0x08000d35   Thumb Code    24  stm32f4xx_i2c.o(i.I2C_GenerateSTOP)
    I2C_GetFlagStatus                        0x08000d4d   Thumb Code    58  stm32f4xx_i2c.o(i.I2C_GetFlagStatus)
    I2C_Init                                 0x08000d89   Thumb Code   218  stm32f4xx_i2c.o(i.I2C_Init)
    I2C_Send7bitAddress                      0x08000e71   Thumb Code    16  stm32f4xx_i2c.o(i.I2C_Send7bitAddress)
    I2C_SendData                             0x08000e81   Thumb Code     4  stm32f4xx_i2c.o(i.I2C_SendData)
    I2C_WriteByte                            0x08000e85   Thumb Code   126  oled_i2c.o(i.I2C_WriteByte)
    IWDG_Enable                              0x08000f11   Thumb Code    10  stm32f4xx_iwdg.o(i.IWDG_Enable)
    IWDG_ReloadCounter                       0x08000f21   Thumb Code    10  stm32f4xx_iwdg.o(i.IWDG_ReloadCounter)
    IWDG_SetPrescaler                        0x08000f31   Thumb Code     6  stm32f4xx_iwdg.o(i.IWDG_SetPrescaler)
    IWDG_SetReload                           0x08000f3d   Thumb Code     6  stm32f4xx_iwdg.o(i.IWDG_SetReload)
    IWDG_WriteAccessCmd                      0x08000f49   Thumb Code     6  stm32f4xx_iwdg.o(i.IWDG_WriteAccessCmd)
    Iwdg_Init                                0x08000f55   Thumb Code    34  all_hardware_init.o(i.Iwdg_Init)
    Led_Init                                 0x08000f79   Thumb Code   132  led.o(i.Led_Init)
    Move                                     0x08001005   Thumb Code   238  control_car.o(i.Move)
    NVIC_Init                                0x080010f5   Thumb Code   106  misc.o(i.NVIC_Init)
    OLED_CLS                                 0x0800116d   Thumb Code    10  oled_i2c.o(i.OLED_CLS)
    OLED_Fill                                0x08001177   Thumb Code    58  oled_i2c.o(i.OLED_Fill)
    OLED_Init                                0x080011b1   Thumb Code   178  oled_i2c.o(i.OLED_Init)
    OLED_SetPos                              0x08001263   Thumb Code    40  oled_i2c.o(i.OLED_SetPos)
    OLED_ShowCN                              0x0800128d   Thumb Code    80  oled_i2c.o(i.OLED_ShowCN)
    OLED_ShowStr                             0x080012e1   Thumb Code   228  oled_i2c.o(i.OLED_ShowStr)
    RCC_AHB1PeriphClockCmd                   0x080013cd   Thumb Code    26  stm32f4xx_rcc.o(i.RCC_AHB1PeriphClockCmd)
    RCC_AHB2PeriphClockCmd                   0x080013ed   Thumb Code    26  stm32f4xx_rcc.o(i.RCC_AHB2PeriphClockCmd)
    RCC_APB1PeriphClockCmd                   0x0800140d   Thumb Code    26  stm32f4xx_rcc.o(i.RCC_APB1PeriphClockCmd)
    RCC_APB1PeriphResetCmd                   0x0800142d   Thumb Code    26  stm32f4xx_rcc.o(i.RCC_APB1PeriphResetCmd)
    RCC_APB2PeriphClockCmd                   0x0800144d   Thumb Code    26  stm32f4xx_rcc.o(i.RCC_APB2PeriphClockCmd)
    RCC_GetClocksFreq                        0x0800146d   Thumb Code   214  stm32f4xx_rcc.o(i.RCC_GetClocksFreq)
    RNG_Cmd                                  0x08001555   Thumb Code    30  stm32f4xx_rng.o(i.RNG_Cmd)
    RNG_GetFlagStatus                        0x08001579   Thumb Code    20  stm32f4xx_rng.o(i.RNG_GetFlagStatus)
    RNG_GetRandomNumber                      0x08001591   Thumb Code     6  stm32f4xx_rng.o(i.RNG_GetRandomNumber)
    RNG_Init                                 0x0800159d   Thumb Code    30  random_seed.o(i.RNG_Init)
    Servo_PB0_Init                           0x080015bd   Thumb Code   154  servo.o(i.Servo_PB0_Init)
    Set_Servo_Angle                          0x0800174d   Thumb Code   140  servo.o(i.Set_Servo_Angle)
    Set_WheelA_Speed                         0x080017ed   Thumb Code    44  control_car.o(i.Set_WheelA_Speed)
    Set_WheelB_Speed                         0x0800181d   Thumb Code    44  control_car.o(i.Set_WheelB_Speed)
    Set_WheelC_Speed                         0x0800184d   Thumb Code    44  control_car.o(i.Set_WheelC_Speed)
    Set_WheelD_Speed                         0x0800187d   Thumb Code    44  control_car.o(i.Set_WheelD_Speed)
    Sr04_Init                                0x080018ad   Thumb Code   126  sr04.o(i.Sr04_Init)
    Stop_All_Wheels                          0x08001935   Thumb Code    36  control_car.o(i.Stop_All_Wheels)
    SysTick_Handler                          0x08001959   Thumb Code    46  port.o(i.SysTick_Handler)
    SystemInit                               0x0800198d   Thumb Code    88  system_stm32f4xx.o(i.SystemInit)
    TIM_ARRPreloadConfig                     0x080019f5   Thumb Code    24  stm32f4xx_tim.o(i.TIM_ARRPreloadConfig)
    TIM_BDTRConfig                           0x08001a0d   Thumb Code    32  stm32f4xx_tim.o(i.TIM_BDTRConfig)
    TIM_Cmd                                  0x08001a2d   Thumb Code    24  stm32f4xx_tim.o(i.TIM_Cmd)
    TIM_CtrlPWMOutputs                       0x08001a45   Thumb Code    30  stm32f4xx_tim.o(i.TIM_CtrlPWMOutputs)
    TIM_OC1Init                              0x08001a65   Thumb Code   114  stm32f4xx_tim.o(i.TIM_OC1Init)
    TIM_OC1PreloadConfig                     0x08001ae1   Thumb Code    18  stm32f4xx_tim.o(i.TIM_OC1PreloadConfig)
    TIM_OC2Init                              0x08001af5   Thumb Code   154  stm32f4xx_tim.o(i.TIM_OC2Init)
    TIM_OC2PreloadConfig                     0x08001b99   Thumb Code    26  stm32f4xx_tim.o(i.TIM_OC2PreloadConfig)
    TIM_OC3Init                              0x08001bb5   Thumb Code   150  stm32f4xx_tim.o(i.TIM_OC3Init)
    TIM_OC3PreloadConfig                     0x08001c55   Thumb Code    18  stm32f4xx_tim.o(i.TIM_OC3PreloadConfig)
    TIM_OC4Init                              0x08001c69   Thumb Code   112  stm32f4xx_tim.o(i.TIM_OC4Init)
    TIM_OC4PreloadConfig                     0x08001ce1   Thumb Code    26  stm32f4xx_tim.o(i.TIM_OC4PreloadConfig)
    TIM_SetCompare1                          0x08001cfb   Thumb Code     4  stm32f4xx_tim.o(i.TIM_SetCompare1)
    TIM_SetCompare2                          0x08001cff   Thumb Code     4  stm32f4xx_tim.o(i.TIM_SetCompare2)
    TIM_SetCompare3                          0x08001d03   Thumb Code     4  stm32f4xx_tim.o(i.TIM_SetCompare3)
    TIM_SetCompare4                          0x08001d07   Thumb Code     4  stm32f4xx_tim.o(i.TIM_SetCompare4)
    TIM_TimeBaseInit                         0x08001d0d   Thumb Code   104  stm32f4xx_tim.o(i.TIM_TimeBaseInit)
    USART1_IRQHandler                        0x08001d91   Thumb Code   204  irq.o(i.USART1_IRQHandler)
    USART3_IRQHandler                        0x08001e81   Thumb Code   352  irq.o(i.USART3_IRQHandler)
    USART_ClearITPendingBit                  0x08002019   Thumb Code    30  stm32f4xx_usart.o(i.USART_ClearITPendingBit)
    USART_Cmd                                0x08002037   Thumb Code    24  stm32f4xx_usart.o(i.USART_Cmd)
    USART_GetITStatus                        0x0800204f   Thumb Code    84  stm32f4xx_usart.o(i.USART_GetITStatus)
    USART_ITConfig                           0x080020a3   Thumb Code    74  stm32f4xx_usart.o(i.USART_ITConfig)
    USART_Init                               0x080020ed   Thumb Code   204  stm32f4xx_usart.o(i.USART_Init)
    USART_ReceiveData                        0x080021c1   Thumb Code    10  stm32f4xx_usart.o(i.USART_ReceiveData)
    Usart1_Init                              0x080021cd   Thumb Code   166  usart.o(i.Usart1_Init)
    WHEEL_A_PWM_INIT                         0x0800227d   Thumb Code   176  motor.o(i.WHEEL_A_PWM_INIT)
    WHEEL_B_PWM_INIT                         0x08002335   Thumb Code   238  motor.o(i.WHEEL_B_PWM_INIT)
    WHEEL_C_PWM_INIT                         0x0800242d   Thumb Code   240  motor.o(i.WHEEL_C_PWM_INIT)
    WHEEL_D_PWM_INIT                         0x08002525   Thumb Code   176  motor.o(i.WHEEL_D_PWM_INIT)
    WriteCmd                                 0x080025dd   Thumb Code    14  oled_i2c.o(i.WriteCmd)
    WriteDat                                 0x080025eb   Thumb Code    14  oled_i2c.o(i.WriteDat)
    _sys_exit                                0x080025f9   Thumb Code     6  usart.o(i._sys_exit)
    car_auto_mode                            0x08002601   Thumb Code    14  auto_mode.o(i.car_auto_mode)
    delay_ms                                 0x08002615   Thumb Code    24  sr04.o(i.delay_ms)
    delay_us                                 0x0800262d   Thumb Code    34  sr04.o(i.delay_us)
    main                                     0x0800265d   Thumb Code    18  main.o(i.main)
    pvPortMalloc                             0x08002ff5   Thumb Code   296  heap_4.o(i.pvPortMalloc)
    pvTaskIncrementMutexHeldCount            0x08003131   Thumb Code    26  tasks.o(i.pvTaskIncrementMutexHeldCount)
    pxPortInitialiseStack                    0x08003151   Thumb Code    38  port.o(i.pxPortInitialiseStack)
    uxListRemove                             0x080034e9   Thumb Code    40  list.o(i.uxListRemove)
    vListInitialise                          0x08003511   Thumb Code    26  list.o(i.vListInitialise)
    vListInitialiseItem                      0x0800352b   Thumb Code     6  list.o(i.vListInitialiseItem)
    vListInsert                              0x08003531   Thumb Code    52  list.o(i.vListInsert)
    vListInsertEnd                           0x08003565   Thumb Code    24  list.o(i.vListInsertEnd)
    vPortEnterCritical                       0x0800357d   Thumb Code    76  port.o(i.vPortEnterCritical)
    vPortExitCritical                        0x080035d1   Thumb Code    56  port.o(i.vPortExitCritical)
    vPortFree                                0x0800360d   Thumb Code   140  heap_4.o(i.vPortFree)
    vPortSetupTimerInterrupt                 0x080036a1   Thumb Code    26  port.o(i.vPortSetupTimerInterrupt)
    vPortValidateInterruptPriority           0x080036c1   Thumb Code   106  port.o(i.vPortValidateInterruptPriority)
    vQueueAddToRegistry                      0x08003739   Thumb Code    38  queue.o(i.vQueueAddToRegistry)
    vQueueWaitForMessageRestricted           0x08003765   Thumb Code    74  queue.o(i.vQueueWaitForMessageRestricted)
    vTaskDelay                               0x080037b1   Thumb Code    82  tasks.o(i.vTaskDelay)
    vTaskMissedYield                         0x0800380d   Thumb Code     8  tasks.o(i.vTaskMissedYield)
    vTaskPlaceOnEventList                    0x08003819   Thumb Code    52  tasks.o(i.vTaskPlaceOnEventList)
    vTaskPlaceOnEventListRestricted          0x08003851   Thumb Code    60  tasks.o(i.vTaskPlaceOnEventListRestricted)
    vTaskPriorityInherit                     0x08003891   Thumb Code   164  tasks.o(i.vTaskPriorityInherit)
    vTaskSetTimeOutState                     0x08003941   Thumb Code    38  tasks.o(i.vTaskSetTimeOutState)
    vTaskStartScheduler                      0x08003971   Thumb Code   118  tasks.o(i.vTaskStartScheduler)
    vTaskSuspendAll                          0x08003a05   Thumb Code    12  tasks.o(i.vTaskSuspendAll)
    vTaskSwitchContext                       0x08003a15   Thumb Code   118  tasks.o(i.vTaskSwitchContext)
    xPortStartScheduler                      0x08003aa1   Thumb Code   288  port.o(i.xPortStartScheduler)
    xQueueGenericCreate                      0x08003bdd   Thumb Code    88  queue.o(i.xQueueGenericCreate)
    xQueueGenericReceive                     0x08003c35   Thumb Code   446  queue.o(i.xQueueGenericReceive)
    xQueueGenericReset                       0x08003df9   Thumb Code   146  queue.o(i.xQueueGenericReset)
    xQueueGenericSend                        0x08003e91   Thumb Code   420  queue.o(i.xQueueGenericSend)
    xQueueGenericSendFromISR                 0x08004039   Thumb Code   248  queue.o(i.xQueueGenericSendFromISR)
    xTaskCheckForTimeOut                     0x08004131   Thumb Code   132  tasks.o(i.xTaskCheckForTimeOut)
    xTaskCreate                              0x080041bd   Thumb Code    96  tasks.o(i.xTaskCreate)
    xTaskGetSchedulerState                   0x0800421d   Thumb Code    24  tasks.o(i.xTaskGetSchedulerState)
    xTaskGetTickCount                        0x0800423d   Thumb Code     6  tasks.o(i.xTaskGetTickCount)
    xTaskIncrementTick                       0x08004249   Thumb Code   282  tasks.o(i.xTaskIncrementTick)
    xTaskPriorityDisinherit                  0x08004391   Thumb Code   188  tasks.o(i.xTaskPriorityDisinherit)
    xTaskRemoveFromEventList                 0x08004459   Thumb Code   128  tasks.o(i.xTaskRemoveFromEventList)
    xTaskResumeAll                           0x080044f1   Thumb Code   224  tasks.o(i.xTaskResumeAll)
    xTimerCreateTimerTask                    0x080045f5   Thumb Code    66  timers.o(i.xTimerCreateTimerTask)
    xTimerGenericCommand                     0x0800464d   Thumb Code   126  timers.o(i.xTimerGenericCommand)
    _fp_init                                 0x080046d1   Thumb Code    10  fpinit.o(x$fpl$fpinit)
    __fplib_config_fpu_vfp                   0x080046d9   Thumb Code     0  fpinit.o(x$fpl$fpinit)
    __fplib_config_pureend_doubles           0x080046d9   Thumb Code     0  fpinit.o(x$fpl$fpinit)
    F6x8                                     0x080046da   Data         552  oled_i2c.o(.constdata)
    F8X16                                    0x08004902   Data        1520  oled_i2c.o(.constdata)
    Region$$Table$$Base                      0x08004ef4   Number         0  anon$$obj.o(Region$$Table)
    Region$$Table$$Limit                     0x08004f24   Number         0  anon$$obj.o(Region$$Table)
    g_avoid_distance                         0x10000000   Data           4  creat_task.o(.data)
    task0_handle                             0x10000004   Data           4  creat_task.o(.data)
    task1_handle                             0x10000008   Data           4  creat_task.o(.data)
    task2_handle                             0x1000000c   Data           4  creat_task.o(.data)
    task3_handle                             0x10000010   Data           4  creat_task.o(.data)
    task4_handle                             0x10000014   Data           4  creat_task.o(.data)
    task5_handle                             0x10000018   Data           4  creat_task.o(.data)
    g_control_flag                           0x10000020   Data           4  irq.o(.data)
    g_cmd_move                               0x10000024   Data           4  irq.o(.data)
    g_hand_flag                              0x10000028   Data           4  irq.o(.data)
    g_hand_move_speed                        0x1000002c   Data           2  irq.o(.data)
    g_auto_move_speed                        0x1000002e   Data           2  irq.o(.data)
    g_rxflag                                 0x10000030   Data           1  irq.o(.data)
    g_count                                  0x10000031   Data           1  irq.o(.data)
    g_rec_signal                             0x10000032   Data           6  irq.o(.data)
    g_rec_ask                                0x10000038   Data           6  irq.o(.data)
    g_ask_cmd_flag                           0x10000040   Data           4  irq.o(.data)
    g_ask_cmd_move                           0x10000044   Data           4  irq.o(.data)
    g_ask_count                              0x10000048   Data           1  irq.o(.data)
    pxCurrentTCB                             0x1000004c   Data           4  tasks.o(.data)
    F16x16                                   0x100000c0   Data          32  oled_i2c.o(.data)
    BMP1                                     0x100000e0   Data        1024  oled_i2c.o(.data)
    SystemCoreClock                          0x100004f0   Data           4  system_stm32f4xx.o(.data)
    AHBPrescTable                            0x100004f4   Data          16  system_stm32f4xx.o(.data)
    xQueueRegistry                           0x10000504   Data          64  queue.o(.bss)
    _random_number_data                      0x10000670   Data         228  rand.o(.bss)
    __libspace_start                         0x10000754   Data          96  libspace.o(.bss)
    __temporary_stack_top$libspace           0x100007b4   Data           0  libspace.o(.bss)



==============================================================================

Memory Map of the image

  Image Entry point : 0x08000189

  Load Region LR_IROM1 (Base: 0x08000000, Size: 0x00005428, Max: 0x00080000, ABSOLUTE, COMPRESSED[0x000050dc])

    Execution Region ER_IROM1 (Exec base: 0x08000000, Load base: 0x08000000, Size: 0x00004f24, Max: 0x00080000, ABSOLUTE)

    Exec Addr    Load Addr    Size         Type   Attr      Idx    E Section Name        Object

    0x08000000   0x08000000   0x00000188   Data   RO         4107    RESET               startup_stm32f40_41xxx.o
    0x08000188   0x08000188   0x00000008   Code   RO         4202  * !!!main             c_w.l(__main.o)
    0x08000190   0x08000190   0x00000034   Code   RO         4374    !!!scatter          c_w.l(__scatter.o)
    0x080001c4   0x080001c4   0x0000005a   Code   RO         4372    !!dczerorl2         c_w.l(__dczerorl2.o)
    0x0800021e   0x0800021e   0x00000002   PAD
    0x08000220   0x08000220   0x0000001c   Code   RO         4376    !!handler_zi        c_w.l(__scatter_zi.o)
    0x0800023c   0x0800023c   0x00000000   Code   RO         4186    .ARM.Collect$$_printf_percent$$00000000  c_w.l(_printf_percent.o)
    0x0800023c   0x0800023c   0x00000006   Code   RO         4185    .ARM.Collect$$_printf_percent$$00000009  c_w.l(_printf_d.o)
    0x08000242   0x08000242   0x00000004   Code   RO         4215    .ARM.Collect$$_printf_percent$$00000017  c_w.l(_printf_percent_end.o)
    0x08000246   0x08000246   0x00000002   Code   RO         4299    .ARM.Collect$$libinit$$00000000  c_w.l(libinit.o)
    0x08000248   0x08000248   0x00000004   Code   RO         4220    .ARM.Collect$$libinit$$00000001  c_w.l(libinit2.o)
    0x0800024c   0x0800024c   0x00000000   Code   RO         4223    .ARM.Collect$$libinit$$00000004  c_w.l(libinit2.o)
    0x0800024c   0x0800024c   0x00000000   Code   RO         4226    .ARM.Collect$$libinit$$0000000A  c_w.l(libinit2.o)
    0x0800024c   0x0800024c   0x00000000   Code   RO         4228    .ARM.Collect$$libinit$$0000000C  c_w.l(libinit2.o)
    0x0800024c   0x0800024c   0x00000004   Code   RO         4229    .ARM.Collect$$libinit$$0000000D  c_w.l(libinit2.o)
    0x08000250   0x08000250   0x00000000   Code   RO         4230    .ARM.Collect$$libinit$$0000000E  c_w.l(libinit2.o)
    0x08000250   0x08000250   0x00000000   Code   RO         4233    .ARM.Collect$$libinit$$00000011  c_w.l(libinit2.o)
    0x08000250   0x08000250   0x00000000   Code   RO         4235    .ARM.Collect$$libinit$$00000013  c_w.l(libinit2.o)
    0x08000250   0x08000250   0x00000000   Code   RO         4237    .ARM.Collect$$libinit$$00000015  c_w.l(libinit2.o)
    0x08000250   0x08000250   0x00000000   Code   RO         4239    .ARM.Collect$$libinit$$00000017  c_w.l(libinit2.o)
    0x08000250   0x08000250   0x00000000   Code   RO         4241    .ARM.Collect$$libinit$$00000019  c_w.l(libinit2.o)
    0x08000250   0x08000250   0x00000000   Code   RO         4243    .ARM.Collect$$libinit$$0000001B  c_w.l(libinit2.o)
    0x08000250   0x08000250   0x00000000   Code   RO         4245    .ARM.Collect$$libinit$$0000001D  c_w.l(libinit2.o)
    0x08000250   0x08000250   0x00000000   Code   RO         4247    .ARM.Collect$$libinit$$0000001F  c_w.l(libinit2.o)
    0x08000250   0x08000250   0x00000000   Code   RO         4249    .ARM.Collect$$libinit$$00000021  c_w.l(libinit2.o)
    0x08000250   0x08000250   0x00000000   Code   RO         4251    .ARM.Collect$$libinit$$00000023  c_w.l(libinit2.o)
    0x08000250   0x08000250   0x00000000   Code   RO         4253    .ARM.Collect$$libinit$$00000025  c_w.l(libinit2.o)
    0x08000250   0x08000250   0x00000000   Code   RO         4257    .ARM.Collect$$libinit$$0000002C  c_w.l(libinit2.o)
    0x08000250   0x08000250   0x00000000   Code   RO         4259    .ARM.Collect$$libinit$$0000002E  c_w.l(libinit2.o)
    0x08000250   0x08000250   0x00000000   Code   RO         4261    .ARM.Collect$$libinit$$00000030  c_w.l(libinit2.o)
    0x08000250   0x08000250   0x00000000   Code   RO         4263    .ARM.Collect$$libinit$$00000032  c_w.l(libinit2.o)
    0x08000250   0x08000250   0x00000002   Code   RO         4264    .ARM.Collect$$libinit$$00000033  c_w.l(libinit2.o)
    0x08000252   0x08000252   0x00000002   Code   RO         4333    .ARM.Collect$$libshutdown$$00000000  c_w.l(libshutdown.o)
    0x08000254   0x08000254   0x00000000   Code   RO         4339    .ARM.Collect$$libshutdown$$00000002  c_w.l(libshutdown2.o)
    0x08000254   0x08000254   0x00000000   Code   RO         4341    .ARM.Collect$$libshutdown$$00000004  c_w.l(libshutdown2.o)
    0x08000254   0x08000254   0x00000000   Code   RO         4344    .ARM.Collect$$libshutdown$$00000007  c_w.l(libshutdown2.o)
    0x08000254   0x08000254   0x00000000   Code   RO         4347    .ARM.Collect$$libshutdown$$0000000A  c_w.l(libshutdown2.o)
    0x08000254   0x08000254   0x00000000   Code   RO         4349    .ARM.Collect$$libshutdown$$0000000C  c_w.l(libshutdown2.o)
    0x08000254   0x08000254   0x00000000   Code   RO         4352    .ARM.Collect$$libshutdown$$0000000F  c_w.l(libshutdown2.o)
    0x08000254   0x08000254   0x00000002   Code   RO         4353    .ARM.Collect$$libshutdown$$00000010  c_w.l(libshutdown2.o)
    0x08000256   0x08000256   0x00000000   Code   RO         4206    .ARM.Collect$$rtentry$$00000000  c_w.l(__rtentry.o)
    0x08000256   0x08000256   0x00000000   Code   RO         4266    .ARM.Collect$$rtentry$$00000002  c_w.l(__rtentry2.o)
    0x08000256   0x08000256   0x00000006   Code   RO         4278    .ARM.Collect$$rtentry$$00000004  c_w.l(__rtentry4.o)
    0x0800025c   0x0800025c   0x00000000   Code   RO         4268    .ARM.Collect$$rtentry$$00000009  c_w.l(__rtentry2.o)
    0x0800025c   0x0800025c   0x00000004   Code   RO         4269    .ARM.Collect$$rtentry$$0000000A  c_w.l(__rtentry2.o)
    0x08000260   0x08000260   0x00000000   Code   RO         4271    .ARM.Collect$$rtentry$$0000000C  c_w.l(__rtentry2.o)
    0x08000260   0x08000260   0x00000008   Code   RO         4272    .ARM.Collect$$rtentry$$0000000D  c_w.l(__rtentry2.o)
    0x08000268   0x08000268   0x00000002   Code   RO         4305    .ARM.Collect$$rtexit$$00000000  c_w.l(rtexit.o)
    0x0800026a   0x0800026a   0x00000000   Code   RO         4315    .ARM.Collect$$rtexit$$00000002  c_w.l(rtexit2.o)
    0x0800026a   0x0800026a   0x00000004   Code   RO         4316    .ARM.Collect$$rtexit$$00000003  c_w.l(rtexit2.o)
    0x0800026e   0x0800026e   0x00000006   Code   RO         4317    .ARM.Collect$$rtexit$$00000004  c_w.l(rtexit2.o)
    0x08000274   0x08000274   0x000000b6   Code   RO         1156    .emb_text           port.o
    0x0800032a   0x0800032a   0x00000002   PAD
    0x0800032c   0x0800032c   0x00000040   Code   RO         4108    .text               startup_stm32f40_41xxx.o
    0x0800036c   0x0800036c   0x00000002   Code   RO         4155    .text               c_w.l(use_no_semi_2.o)
    0x0800036e   0x0800036e   0x00000002   PAD
    0x08000370   0x08000370   0x00000034   Code   RO         4159    .text               c_w.l(noretval__2snprintf.o)
    0x080003a4   0x080003a4   0x00000068   Code   RO         4161    .text               c_w.l(__printf.o)
    0x0800040c   0x0800040c   0x00000078   Code   RO         4163    .text               c_w.l(_printf_dec.o)
    0x08000484   0x08000484   0x0000003c   Code   RO         4188    .text               c_w.l(rand.o)
    0x080004c0   0x080004c0   0x0000008a   Code   RO         4192    .text               c_w.l(rt_memcpy_v6.o)
    0x0800054a   0x0800054a   0x00000010   Code   RO         4194    .text               c_w.l(aeabi_memset.o)
    0x0800055a   0x0800055a   0x0000004e   Code   RO         4196    .text               c_w.l(rt_memclr_w.o)
    0x080005a8   0x080005a8   0x00000080   Code   RO         4198    .text               c_w.l(strcmpv7m.o)
    0x08000628   0x08000628   0x00000006   Code   RO         4200    .text               c_w.l(heapauxi.o)
    0x0800062e   0x0800062e   0x00000002   Code   RO         4204    .text               c_w.l(use_no_semi.o)
    0x08000630   0x08000630   0x000000b2   Code   RO         4207    .text               c_w.l(_printf_intcommon.o)
    0x080006e2   0x080006e2   0x00000002   PAD
    0x080006e4   0x080006e4   0x00000030   Code   RO         4209    .text               c_w.l(_printf_char_common.o)
    0x08000714   0x08000714   0x0000000a   Code   RO         4211    .text               c_w.l(_sputc.o)
    0x0800071e   0x0800071e   0x00000010   Code   RO         4213    .text               c_w.l(_snputc.o)
    0x0800072e   0x0800072e   0x00000064   Code   RO         4216    .text               c_w.l(rt_memcpy_w.o)
    0x08000792   0x08000792   0x00000044   Code   RO         4218    .text               c_w.l(rt_memclr.o)
    0x080007d6   0x080007d6   0x0000004a   Code   RO         4286    .text               c_w.l(sys_stackheap_outer.o)
    0x08000820   0x08000820   0x00000012   Code   RO         4288    .text               c_w.l(exit.o)
    0x08000832   0x08000832   0x00000002   PAD
    0x08000834   0x08000834   0x00000008   Code   RO         4302    .text               c_w.l(libspace.o)
    0x0800083c   0x0800083c   0x00000042   Code   RO          179    i.ALL_HARDWARE_INIT  all_hardware_init.o
    0x0800087e   0x0800087e   0x00000014   Code   RO         1389    i.ALL_WHEEL_PWM_INIT  motor.o
    0x08000892   0x08000892   0x00000002   PAD
    0x08000894   0x08000894   0x000000ac   Code   RO         1312    i.Bluetooth_Usart3_Init  usart.o
    0x08000940   0x08000940   0x000000e8   Code   RO          216    i.Create_task       creat_task.o
    0x08000a28   0x08000a28   0x00000028   Code   RO         1444    i.DWT_Init          sr04.o
    0x08000a50   0x08000a50   0x00000090   Code   RO         2151    i.GPIO_Init         stm32f4xx_gpio.o
    0x08000ae0   0x08000ae0   0x00000046   Code   RO         2152    i.GPIO_PinAFConfig  stm32f4xx_gpio.o
    0x08000b26   0x08000b26   0x00000004   Code   RO         2159    i.GPIO_SetBits      stm32f4xx_gpio.o
    0x08000b2a   0x08000b2a   0x00000008   Code   RO         2161    i.GPIO_ToggleBits   stm32f4xx_gpio.o
    0x08000b32   0x08000b32   0x00000014   Code   RO         1864    i.Get_Random_Seed   random_seed.o
    0x08000b46   0x08000b46   0x00000002   PAD
    0x08000b48   0x08000b48   0x00000098   Code   RO         1830    i.Get_Sr04_Value    sr04_get_dis.o
    0x08000be0   0x08000be0   0x0000002a   Code   RO         2256    i.I2C_CheckEvent    stm32f4xx_i2c.o
    0x08000c0a   0x08000c0a   0x00000018   Code   RO         2259    i.I2C_Cmd           stm32f4xx_i2c.o
    0x08000c22   0x08000c22   0x00000002   PAD
    0x08000c24   0x08000c24   0x00000098   Code   RO         1581    i.I2C_Configuration  oled_i2c.o
    0x08000cbc   0x08000cbc   0x00000060   Code   RO         2262    i.I2C_DeInit        stm32f4xx_i2c.o
    0x08000d1c   0x08000d1c   0x00000018   Code   RO         2267    i.I2C_GenerateSTART  stm32f4xx_i2c.o
    0x08000d34   0x08000d34   0x00000018   Code   RO         2268    i.I2C_GenerateSTOP  stm32f4xx_i2c.o
    0x08000d4c   0x08000d4c   0x0000003a   Code   RO         2269    i.I2C_GetFlagStatus  stm32f4xx_i2c.o
    0x08000d86   0x08000d86   0x00000002   PAD
    0x08000d88   0x08000d88   0x000000e8   Code   RO         2274    i.I2C_Init          stm32f4xx_i2c.o
    0x08000e70   0x08000e70   0x00000010   Code   RO         2281    i.I2C_Send7bitAddress  stm32f4xx_i2c.o
    0x08000e80   0x08000e80   0x00000004   Code   RO         2282    i.I2C_SendData      stm32f4xx_i2c.o
    0x08000e84   0x08000e84   0x0000008c   Code   RO         1582    i.I2C_WriteByte     oled_i2c.o
    0x08000f10   0x08000f10   0x00000010   Code   RO         2480    i.IWDG_Enable       stm32f4xx_iwdg.o
    0x08000f20   0x08000f20   0x00000010   Code   RO         2482    i.IWDG_ReloadCounter  stm32f4xx_iwdg.o
    0x08000f30   0x08000f30   0x0000000c   Code   RO         2483    i.IWDG_SetPrescaler  stm32f4xx_iwdg.o
    0x08000f3c   0x08000f3c   0x0000000c   Code   RO         2484    i.IWDG_SetReload    stm32f4xx_iwdg.o
    0x08000f48   0x08000f48   0x0000000c   Code   RO         2485    i.IWDG_WriteAccessCmd  stm32f4xx_iwdg.o
    0x08000f54   0x08000f54   0x00000022   Code   RO          180    i.Iwdg_Init         all_hardware_init.o
    0x08000f76   0x08000f76   0x00000002   PAD
    0x08000f78   0x08000f78   0x0000008c   Code   RO         1285    i.Led_Init          led.o
    0x08001004   0x08001004   0x000000ee   Code   RO         1692    i.Move              control_car.o
    0x080010f2   0x080010f2   0x00000002   PAD
    0x080010f4   0x080010f4   0x00000078   Code   RO         1904    i.NVIC_Init         misc.o
    0x0800116c   0x0800116c   0x0000000a   Code   RO         1583    i.OLED_CLS          oled_i2c.o
    0x08001176   0x08001176   0x0000003a   Code   RO         1585    i.OLED_Fill         oled_i2c.o
    0x080011b0   0x080011b0   0x000000b2   Code   RO         1586    i.OLED_Init         oled_i2c.o
    0x08001262   0x08001262   0x00000028   Code   RO         1589    i.OLED_SetPos       oled_i2c.o
    0x0800128a   0x0800128a   0x00000002   PAD
    0x0800128c   0x0800128c   0x00000054   Code   RO         1590    i.OLED_ShowCN       oled_i2c.o
    0x080012e0   0x080012e0   0x000000ec   Code   RO         1591    i.OLED_ShowStr      oled_i2c.o
    0x080013cc   0x080013cc   0x00000020   Code   RO         2534    i.RCC_AHB1PeriphClockCmd  stm32f4xx_rcc.o
    0x080013ec   0x080013ec   0x00000020   Code   RO         2537    i.RCC_AHB2PeriphClockCmd  stm32f4xx_rcc.o
    0x0800140c   0x0800140c   0x00000020   Code   RO         2543    i.RCC_APB1PeriphClockCmd  stm32f4xx_rcc.o
    0x0800142c   0x0800142c   0x00000020   Code   RO         2545    i.RCC_APB1PeriphResetCmd  stm32f4xx_rcc.o
    0x0800144c   0x0800144c   0x00000020   Code   RO         2546    i.RCC_APB2PeriphClockCmd  stm32f4xx_rcc.o
    0x0800146c   0x0800146c   0x000000e8   Code   RO         2555    i.RCC_GetClocksFreq  stm32f4xx_rcc.o
    0x08001554   0x08001554   0x00000024   Code   RO         2868    i.RNG_Cmd           stm32f4xx_rng.o
    0x08001578   0x08001578   0x00000018   Code   RO         2870    i.RNG_GetFlagStatus  stm32f4xx_rng.o
    0x08001590   0x08001590   0x0000000c   Code   RO         2872    i.RNG_GetRandomNumber  stm32f4xx_rng.o
    0x0800159c   0x0800159c   0x0000001e   Code   RO         1865    i.RNG_Init          random_seed.o
    0x080015ba   0x080015ba   0x00000002   PAD
    0x080015bc   0x080015bc   0x000000a4   Code   RO         1496    i.Servo_PB0_Init    servo.o
    0x08001660   0x08001660   0x000000ec   Code   RO         4115    i.SetSysClock       system_stm32f4xx.o
    0x0800174c   0x0800174c   0x000000a0   Code   RO         1497    i.Set_Servo_Angle   servo.o
    0x080017ec   0x080017ec   0x00000030   Code   RO         1693    i.Set_WheelA_Speed  control_car.o
    0x0800181c   0x0800181c   0x00000030   Code   RO         1694    i.Set_WheelB_Speed  control_car.o
    0x0800184c   0x0800184c   0x00000030   Code   RO         1695    i.Set_WheelC_Speed  control_car.o
    0x0800187c   0x0800187c   0x00000030   Code   RO         1696    i.Set_WheelD_Speed  control_car.o
    0x080018ac   0x080018ac   0x00000088   Code   RO         1445    i.Sr04_Init         sr04.o
    0x08001934   0x08001934   0x00000024   Code   RO         1698    i.Stop_All_Wheels   control_car.o
    0x08001958   0x08001958   0x00000034   Code   RO         1157    i.SysTick_Handler   port.o
    0x0800198c   0x0800198c   0x00000068   Code   RO         4117    i.SystemInit        system_stm32f4xx.o
    0x080019f4   0x080019f4   0x00000018   Code   RO         3354    i.TIM_ARRPreloadConfig  stm32f4xx_tim.o
    0x08001a0c   0x08001a0c   0x00000020   Code   RO         3355    i.TIM_BDTRConfig    stm32f4xx_tim.o
    0x08001a2c   0x08001a2c   0x00000018   Code   RO         3366    i.TIM_Cmd           stm32f4xx_tim.o
    0x08001a44   0x08001a44   0x0000001e   Code   RO         3368    i.TIM_CtrlPWMOutputs  stm32f4xx_tim.o
    0x08001a62   0x08001a62   0x00000002   PAD
    0x08001a64   0x08001a64   0x0000007c   Code   RO         3395    i.TIM_OC1Init       stm32f4xx_tim.o
    0x08001ae0   0x08001ae0   0x00000012   Code   RO         3398    i.TIM_OC1PreloadConfig  stm32f4xx_tim.o
    0x08001af2   0x08001af2   0x00000002   PAD
    0x08001af4   0x08001af4   0x000000a4   Code   RO         3400    i.TIM_OC2Init       stm32f4xx_tim.o
    0x08001b98   0x08001b98   0x0000001a   Code   RO         3403    i.TIM_OC2PreloadConfig  stm32f4xx_tim.o
    0x08001bb2   0x08001bb2   0x00000002   PAD
    0x08001bb4   0x08001bb4   0x000000a0   Code   RO         3405    i.TIM_OC3Init       stm32f4xx_tim.o
    0x08001c54   0x08001c54   0x00000012   Code   RO         3408    i.TIM_OC3PreloadConfig  stm32f4xx_tim.o
    0x08001c66   0x08001c66   0x00000002   PAD
    0x08001c68   0x08001c68   0x00000078   Code   RO         3410    i.TIM_OC4Init       stm32f4xx_tim.o
    0x08001ce0   0x08001ce0   0x0000001a   Code   RO         3412    i.TIM_OC4PreloadConfig  stm32f4xx_tim.o
    0x08001cfa   0x08001cfa   0x00000004   Code   RO         3428    i.TIM_SetCompare1   stm32f4xx_tim.o
    0x08001cfe   0x08001cfe   0x00000004   Code   RO         3429    i.TIM_SetCompare2   stm32f4xx_tim.o
    0x08001d02   0x08001d02   0x00000004   Code   RO         3430    i.TIM_SetCompare3   stm32f4xx_tim.o
    0x08001d06   0x08001d06   0x00000004   Code   RO         3431    i.TIM_SetCompare4   stm32f4xx_tim.o
    0x08001d0a   0x08001d0a   0x00000002   PAD
    0x08001d0c   0x08001d0c   0x00000084   Code   RO         3438    i.TIM_TimeBaseInit  stm32f4xx_tim.o
    0x08001d90   0x08001d90   0x000000f0   Code   RO          284    i.USART1_IRQHandler  irq.o
    0x08001e80   0x08001e80   0x00000198   Code   RO          285    i.USART3_IRQHandler  irq.o
    0x08002018   0x08002018   0x0000001e   Code   RO         3917    i.USART_ClearITPendingBit  stm32f4xx_usart.o
    0x08002036   0x08002036   0x00000018   Code   RO         3920    i.USART_Cmd         stm32f4xx_usart.o
    0x0800204e   0x0800204e   0x00000054   Code   RO         3924    i.USART_GetITStatus  stm32f4xx_usart.o
    0x080020a2   0x080020a2   0x0000004a   Code   RO         3926    i.USART_ITConfig    stm32f4xx_usart.o
    0x080020ec   0x080020ec   0x000000d4   Code   RO         3927    i.USART_Init        stm32f4xx_usart.o
    0x080021c0   0x080021c0   0x0000000a   Code   RO         3934    i.USART_ReceiveData  stm32f4xx_usart.o
    0x080021ca   0x080021ca   0x00000002   PAD
    0x080021cc   0x080021cc   0x000000b0   Code   RO         1313    i.Usart1_Init       usart.o
    0x0800227c   0x0800227c   0x000000b8   Code   RO         1390    i.WHEEL_A_PWM_INIT  motor.o
    0x08002334   0x08002334   0x000000f8   Code   RO         1391    i.WHEEL_B_PWM_INIT  motor.o
    0x0800242c   0x0800242c   0x000000f8   Code   RO         1392    i.WHEEL_C_PWM_INIT  motor.o
    0x08002524   0x08002524   0x000000b8   Code   RO         1393    i.WHEEL_D_PWM_INIT  motor.o
    0x080025dc   0x080025dc   0x0000000e   Code   RO         1592    i.WriteCmd          oled_i2c.o
    0x080025ea   0x080025ea   0x0000000e   Code   RO         1593    i.WriteDat          oled_i2c.o
    0x080025f8   0x080025f8   0x00000006   Code   RO         1314    i._sys_exit         usart.o
    0x080025fe   0x080025fe   0x00000002   PAD
    0x08002600   0x08002600   0x00000014   Code   RO         1796    i.car_auto_mode     auto_mode.o
    0x08002614   0x08002614   0x00000018   Code   RO         1446    i.delay_ms          sr04.o
    0x0800262c   0x0800262c   0x00000030   Code   RO         1447    i.delay_us          sr04.o
    0x0800265c   0x0800265c   0x00000012   Code   RO            4    i.main              main.o
    0x0800266e   0x0800266e   0x00000002   PAD
    0x08002670   0x08002670   0x00000098   Code   RO          689    i.prvAddCurrentTaskToDelayedList  tasks.o
    0x08002708   0x08002708   0x000000b8   Code   RO          690    i.prvAddNewTaskToReadyList  tasks.o
    0x080027c0   0x080027c0   0x00000064   Code   RO         1026    i.prvCheckForValidListAndQueue  timers.o
    0x08002824   0x08002824   0x00000064   Code   RO          691    i.prvCheckTasksWaitingTermination  tasks.o
    0x08002888   0x08002888   0x0000002a   Code   RO          488    i.prvCopyDataFromQueue  queue.o
    0x080028b2   0x080028b2   0x0000007c   Code   RO          489    i.prvCopyDataToQueue  queue.o
    0x0800292e   0x0800292e   0x00000012   Code   RO          692    i.prvDeleteTCB      tasks.o
    0x08002940   0x08002940   0x00000028   Code   RO         1027    i.prvGetNextExpireTime  timers.o
    0x08002968   0x08002968   0x0000007c   Code   RO         1233    i.prvHeapInit       heap_4.o
    0x080029e4   0x080029e4   0x00000028   Code   RO          693    i.prvIdleTask       tasks.o
    0x08002a0c   0x08002a0c   0x0000002a   Code   RO          491    i.prvInitialiseNewQueue  queue.o
    0x08002a36   0x08002a36   0x000000b4   Code   RO          694    i.prvInitialiseNewTask  tasks.o
    0x08002aea   0x08002aea   0x00000002   PAD
    0x08002aec   0x08002aec   0x00000068   Code   RO          695    i.prvInitialiseTaskLists  tasks.o
    0x08002b54   0x08002b54   0x00000068   Code   RO         1234    i.prvInsertBlockIntoFreeList  heap_4.o
    0x08002bbc   0x08002bbc   0x00000058   Code   RO         1029    i.prvInsertTimerInActiveList  timers.o
    0x08002c14   0x08002c14   0x0000001a   Code   RO          492    i.prvIsQueueEmpty   queue.o
    0x08002c2e   0x08002c2e   0x0000001e   Code   RO          493    i.prvIsQueueFull    queue.o
    0x08002c4c   0x08002c4c   0x00000064   Code   RO         1030    i.prvProcessExpiredTimer  timers.o
    0x08002cb0   0x08002cb0   0x000000f8   Code   RO         1031    i.prvProcessReceivedCommands  timers.o
    0x08002da8   0x08002da8   0x00000074   Code   RO         1032    i.prvProcessTimerOrBlockTask  timers.o
    0x08002e1c   0x08002e1c   0x00000034   Code   RO          697    i.prvResetNextTaskUnblockTime  tasks.o
    0x08002e50   0x08002e50   0x0000002c   Code   RO         1033    i.prvSampleTimeNow  timers.o
    0x08002e7c   0x08002e7c   0x000000a0   Code   RO         1034    i.prvSwitchTimerLists  timers.o
    0x08002f1c   0x08002f1c   0x00000040   Code   RO         1158    i.prvTaskExitError  port.o
    0x08002f5c   0x08002f5c   0x0000001a   Code   RO         1035    i.prvTimerTask      timers.o
    0x08002f76   0x08002f76   0x0000007e   Code   RO          494    i.prvUnlockQueue    queue.o
    0x08002ff4   0x08002ff4   0x0000013c   Code   RO         1235    i.pvPortMalloc      heap_4.o
    0x08003130   0x08003130   0x00000020   Code   RO          700    i.pvTaskIncrementMutexHeldCount  tasks.o
    0x08003150   0x08003150   0x0000002c   Code   RO         1159    i.pxPortInitialiseStack  port.o
    0x0800317c   0x0800317c   0x00000020   Code   RO          217    i.task0             creat_task.o
    0x0800319c   0x0800319c   0x0000008c   Code   RO          218    i.task1             creat_task.o
    0x08003228   0x08003228   0x000000a0   Code   RO          219    i.task2             creat_task.o
    0x080032c8   0x080032c8   0x000000c8   Code   RO          220    i.task3             creat_task.o
    0x08003390   0x08003390   0x000000d0   Code   RO          221    i.task4             creat_task.o
    0x08003460   0x08003460   0x00000088   Code   RO          222    i.task5             creat_task.o
    0x080034e8   0x080034e8   0x00000028   Code   RO          451    i.uxListRemove      list.o
    0x08003510   0x08003510   0x0000001a   Code   RO          452    i.vListInitialise   list.o
    0x0800352a   0x0800352a   0x00000006   Code   RO          453    i.vListInitialiseItem  list.o
    0x08003530   0x08003530   0x00000034   Code   RO          454    i.vListInsert       list.o
    0x08003564   0x08003564   0x00000018   Code   RO          455    i.vListInsertEnd    list.o
    0x0800357c   0x0800357c   0x00000054   Code   RO         1161    i.vPortEnterCritical  port.o
    0x080035d0   0x080035d0   0x0000003c   Code   RO         1162    i.vPortExitCritical  port.o
    0x0800360c   0x0800360c   0x00000094   Code   RO         1236    i.vPortFree         heap_4.o
    0x080036a0   0x080036a0   0x00000020   Code   RO         1163    i.vPortSetupTimerInterrupt  port.o
    0x080036c0   0x080036c0   0x00000078   Code   RO         1164    i.vPortValidateInterruptPriority  port.o
    0x08003738   0x08003738   0x0000002c   Code   RO          500    i.vQueueAddToRegistry  queue.o
    0x08003764   0x08003764   0x0000004a   Code   RO          504    i.vQueueWaitForMessageRestricted  queue.o
    0x080037ae   0x080037ae   0x00000002   PAD
    0x080037b0   0x080037b0   0x0000005c   Code   RO          708    i.vTaskDelay        tasks.o
    0x0800380c   0x0800380c   0x0000000c   Code   RO          713    i.vTaskMissedYield  tasks.o
    0x08003818   0x08003818   0x00000038   Code   RO          715    i.vTaskPlaceOnEventList  tasks.o
    0x08003850   0x08003850   0x00000040   Code   RO          716    i.vTaskPlaceOnEventListRestricted  tasks.o
    0x08003890   0x08003890   0x000000b0   Code   RO          718    i.vTaskPriorityInherit  tasks.o
    0x08003940   0x08003940   0x00000030   Code   RO          722    i.vTaskSetTimeOutState  tasks.o
    0x08003970   0x08003970   0x00000094   Code   RO          723    i.vTaskStartScheduler  tasks.o
    0x08003a04   0x08003a04   0x00000010   Code   RO          725    i.vTaskSuspendAll   tasks.o
    0x08003a14   0x08003a14   0x0000008c   Code   RO          726    i.vTaskSwitchContext  tasks.o
    0x08003aa0   0x08003aa0   0x0000013c   Code   RO         1165    i.xPortStartScheduler  port.o
    0x08003bdc   0x08003bdc   0x00000058   Code   RO          507    i.xQueueGenericCreate  queue.o
    0x08003c34   0x08003c34   0x000001c4   Code   RO          508    i.xQueueGenericReceive  queue.o
    0x08003df8   0x08003df8   0x00000098   Code   RO          509    i.xQueueGenericReset  queue.o
    0x08003e90   0x08003e90   0x000001a8   Code   RO          510    i.xQueueGenericSend  queue.o
    0x08004038   0x08004038   0x000000f8   Code   RO          511    i.xQueueGenericSendFromISR  queue.o
    0x08004130   0x08004130   0x0000008c   Code   RO          727    i.xTaskCheckForTimeOut  tasks.o
    0x080041bc   0x080041bc   0x00000060   Code   RO          728    i.xTaskCreate       tasks.o
    0x0800421c   0x0800421c   0x00000020   Code   RO          732    i.xTaskGetSchedulerState  tasks.o
    0x0800423c   0x0800423c   0x0000000c   Code   RO          733    i.xTaskGetTickCount  tasks.o
    0x08004248   0x08004248   0x00000148   Code   RO          735    i.xTaskIncrementTick  tasks.o
    0x08004390   0x08004390   0x000000c8   Code   RO          738    i.xTaskPriorityDisinherit  tasks.o
    0x08004458   0x08004458   0x00000098   Code   RO          739    i.xTaskRemoveFromEventList  tasks.o
    0x080044f0   0x080044f0   0x00000104   Code   RO          741    i.xTaskResumeAll    tasks.o
    0x080045f4   0x080045f4   0x00000058   Code   RO         1039    i.xTimerCreateTimerTask  timers.o
    0x0800464c   0x0800464c   0x00000084   Code   RO         1040    i.xTimerGenericCommand  timers.o
    0x080046d0   0x080046d0   0x0000000a   Code   RO         4284    x$fpl$fpinit        fz_wm.l(fpinit.o)
    0x080046da   0x080046da   0x00000818   Data   RO         1594    .constdata          oled_i2c.o
    0x08004ef2   0x08004ef2   0x00000002   PAD
    0x08004ef4   0x08004ef4   0x00000030   Data   RO         4370    Region$$Table       anon$$obj.o


    Execution Region RW_IRAM2 (Exec base: 0x10000000, Load base: 0x08004f24, Size: 0x000017b8, Max: 0x00010000, ABSOLUTE, COMPRESSED[0x000001b8])

    Exec Addr    Load Addr    Size         Type   Attr      Idx    E Section Name        Object

    0x10000000   COMPRESSED   0x0000001d   Data   RW          223    .data               creat_task.o
    0x1000001d   COMPRESSED   0x00000003   PAD
    0x10000020   COMPRESSED   0x00000029   Data   RW          287    .data               irq.o
    0x10000049   COMPRESSED   0x00000003   PAD
    0x1000004c   COMPRESSED   0x0000003c   Data   RW          744    .data               tasks.o
    0x10000088   COMPRESSED   0x00000014   Data   RW         1046    .data               timers.o
    0x1000009c   COMPRESSED   0x0000000c   Data   RW         1166    .data               port.o
    0x100000a8   COMPRESSED   0x00000018   Data   RW         1241    .data               heap_4.o
    0x100000c0   COMPRESSED   0x00000420   Data   RW         1595    .data               oled_i2c.o
    0x100004e0   COMPRESSED   0x00000010   Data   RW         2586    .data               stm32f4xx_rcc.o
    0x100004f0   COMPRESSED   0x00000014   Data   RW         4118    .data               system_stm32f4xx.o
    0x10000504        -       0x00000040   Zero   RW          519    .bss                queue.o
    0x10000544        -       0x00000104   Zero   RW          743    .bss                tasks.o
    0x10000648        -       0x00000028   Zero   RW         1045    .bss                timers.o
    0x10000670        -       0x000000e4   Zero   RW         4189    .bss                c_w.l(rand.o)
    0x10000754        -       0x00000060   Zero   RW         4303    .bss                c_w.l(libspace.o)
    0x100007b4   COMPRESSED   0x00000004   PAD
    0x100007b8        -       0x00000800   Zero   RW         4106    HEAP                startup_stm32f40_41xxx.o
    0x10000fb8        -       0x00000800   Zero   RW         4105    STACK               startup_stm32f40_41xxx.o


    Execution Region RW_IRAM1 (Exec base: 0x20000000, Load base: 0x08004f24, Size: 0x00012c00, Max: 0x00020000, ABSOLUTE)

    Exec Addr    Load Addr    Size         Type   Attr      Idx    E Section Name        Object

    0x20000000        -       0x00012c00   Zero   RW         1240    .bss                heap_4.o


==============================================================================

Image component sizes


      Code (inc. data)   RO Data    RW Data    ZI Data      Debug   Object Name

       100          0          0          0          0       1164   all_hardware_init.o
        20          6          0          0          0        560   auto_mode.o
       466         22          0          0          0       4757   control_car.o
      1108        238          0         29          0       5039   creat_task.o
         0          0          0          0          0      11976   event_groups.o
       692         62          0         24      76800       4783   heap_4.o
       648         92          0         41          0       2610   irq.o
       140          8          0          0          0        623   led.o
       148          0          0          0          0       3614   list.o
        18          0          0          0          0     318135   main.o
       120         14          0          0          0       1308   misc.o
       884         34          0          0          0       3777   motor.o
       926         38       2072       1056          0       7617   oled_i2c.o
       954         92          0         12          0      12253   port.o
      1872         22          0          0         64      16813   queue.o
        50          0          0          0          0       1165   random_seed.o
       324         30          0          0          0       1515   servo.o
       248         34          0          0          0       2465   sr04.o
       152         12          0          0          0        829   sr04_get_dis.o
        64         26        392          0       4096        900   startup_stm32f40_41xxx.o
       226          0          0          0          0       3380   stm32f4xx_gpio.o
       520         28          0          0          0       6951   stm32f4xx_i2c.o
        68         30          0          0          0       2890   stm32f4xx_iwdg.o
       392         48          0         16          0       6425   stm32f4xx_rcc.o
        72         16          0          0          0       1820   stm32f4xx_rng.o
       914         66          0          0          0      12418   stm32f4xx_tim.o
       434          8          0          0          0       5548   stm32f4xx_usart.o
       340         32          0         20          0       2305   system_stm32f4xx.o
      2834        368          0         60        260      23729   tasks.o
      1142        118          0         20         40      18159   timers.o
       354         18          0          0          0       2202   usart.o

    ----------------------------------------------------------------------
     16268       1462       2514       1284      81260     487730   Object Totals
         0          0         48          0          0          0   (incl. Generated)
        38          0          2          6          0          0   (incl. Padding)

    ----------------------------------------------------------------------

      Code (inc. data)   RO Data    RW Data    ZI Data      Debug   Library Member Name

        90          0          0          0          0          0   __dczerorl2.o
         8          0          0          0          0         68   __main.o
       104          0          0          0          0         84   __printf.o
         0          0          0          0          0          0   __rtentry.o
        12          0          0          0          0          0   __rtentry2.o
         6          0          0          0          0          0   __rtentry4.o
        52          8          0          0          0          0   __scatter.o
        28          0          0          0          0          0   __scatter_zi.o
        48          6          0          0          0         96   _printf_char_common.o
         6          0          0          0          0          0   _printf_d.o
       120         16          0          0          0         92   _printf_dec.o
       178          0          0          0          0         88   _printf_intcommon.o
         0          0          0          0          0          0   _printf_percent.o
         4          0          0          0          0          0   _printf_percent_end.o
        16          0          0          0          0         68   _snputc.o
        10          0          0          0          0         68   _sputc.o
        16          0          0          0          0         68   aeabi_memset.o
        18          0          0          0          0         80   exit.o
         6          0          0          0          0        152   heapauxi.o
         2          0          0          0          0          0   libinit.o
        10          0          0          0          0          0   libinit2.o
         2          0          0          0          0          0   libshutdown.o
         2          0          0          0          0          0   libshutdown2.o
         8          4          0          0         96         68   libspace.o
        52          4          0          0          0         84   noretval__2snprintf.o
        60         14          0          0        228         92   rand.o
        68          0          0          0          0         68   rt_memclr.o
        78          0          0          0          0         80   rt_memclr_w.o
       138          0          0          0          0         68   rt_memcpy_v6.o
       100          0          0          0          0         80   rt_memcpy_w.o
         2          0          0          0          0          0   rtexit.o
        10          0          0          0          0          0   rtexit2.o
       128          0          0          0          0         68   strcmpv7m.o
        74          0          0          0          0         80   sys_stackheap_outer.o
         2          0          0          0          0         68   use_no_semi.o
         2          0          0          0          0         68   use_no_semi_2.o
        10          0          0          0          0        116   fpinit.o

    ----------------------------------------------------------------------
      1478         52          0          0        328       1804   Library Totals
         8          0          0          0          4          0   (incl. Padding)

    ----------------------------------------------------------------------

      Code (inc. data)   RO Data    RW Data    ZI Data      Debug   Library Name

      1460         52          0          0        324       1688   c_w.l
        10          0          0          0          0        116   fz_wm.l

    ----------------------------------------------------------------------
      1478         52          0          0        328       1804   Library Totals

    ----------------------------------------------------------------------

==============================================================================


      Code (inc. data)   RO Data    RW Data    ZI Data      Debug   

     17746       1514       2514       1284      81588     472350   Grand Totals
     17746       1514       2514        440      81588     472350   ELF Image Totals (compressed)
     17746       1514       2514        440          0          0   ROM Totals

==============================================================================

    Total RO  Size (Code + RO Data)                20260 (  19.79kB)
    Total RW  Size (RW Data + ZI Data)             82872 (  80.93kB)
    Total ROM Size (Code + RO Data + RW Data)      20700 (  20.21kB)

==============================================================================

